2026-10-08 03:03:15.111: [INFO] CurrentProfilePath: C:\Desktop\PSOC_Edge_AI\Demo\01_Basic\.metadata\.plugins\org.eclipse.swt\EBWebView\Default
2026-10-08 03:03:15.111: [INFO] Profiles total count: 1
2026-10-08 03:03:15.111: [INFO] Profile: name=Profile 1 path=C:\Desktop\PSOC_Edge_AI\Demo\01_Basic\.metadata\.plugins\org.eclipse.swt\EBWebView\Default lastActive=null
2026-10-08 03:03:15.111: [INFO] LastUsedProfileDir: C:\Desktop\PSOC_Edge_AI\Demo\01_Basic\.metadata\.plugins\org.eclipse.swt\EBWebView\Default
2026-10-08 03:03:15.111: [INFO] OnDoneLoading sync enabled: 0
2026-10-08 03:03:15.111: [INFO] BookmarkModelLoaded, ids_reassigned: 0
2026-10-08 03:03:15.111: [INFO] BookmarksLoadDropped droppedNodes=0
2026-10-08 03:03:15.111: [INFO] BookmarksSnapshot Startup total=0 bar=0 other=0 mobile=0 showBar=0 showBarNTP=1
2026-10-08 03:03:51.475: [INFO] BookmarksSnapshot Shutdown total=0 bar=0 other=0 mobile=0 showBar=0 showBarNTP=1
2026-10-08 03:06:23.945: [INFO] CurrentProfilePath: C:\Desktop\PSOC_Edge_AI\Demo\01_Basic\.metadata\.plugins\org.eclipse.swt\EBWebView\Default
2026-10-08 03:06:23.945: [INFO] Profiles total count: 1
2026-10-08 03:06:23.945: [INFO] Profile: name=Profile 1 path=C:\Desktop\PSOC_Edge_AI\Demo\01_Basic\.metadata\.plugins\org.eclipse.swt\EBWebView\Default lastActive=2026-10-08T03:03:15.759Z
2026-10-08 03:06:23.945: [INFO] LastUsedProfileDir: C:\Desktop\PSOC_Edge_AI\Demo\01_Basic\.metadata\.plugins\org.eclipse.swt\EBWebView\Default
2026-10-08 03:06:23.945: [INFO] MostRecentlyActiveProfile: name=Profile 1 path=C:\Desktop\PSOC_Edge_AI\Demo\01_Basic\.metadata\.plugins\org.eclipse.swt\EBWebView\Default lastActive=2026-10-08T03:03:15.759Z
2026-10-08 03:06:23.945: [INFO] OnDoneLoading sync enabled: 0
2026-10-08 03:06:23.945: [INFO] BookmarkModelLoaded, ids_reassigned: 0
2026-10-08 03:06:23.945: [INFO] BookmarksLoadDropped droppedNodes=0
2026-10-08 03:06:23.945: [INFO] BookmarksSnapshot Startup total=0 bar=0 other=0 mobile=0 showBar=0 showBarNTP=1
2026-10-08 06:47:26.730: [INFO] BookmarksSnapshot Shutdown total=0 bar=0 other=0 mobile=0 showBar=0 showBarNTP=1
2026-10-08 06:47:26.824: [INFO] CurrentProfilePath: C:\Desktop\PSOC_Edge_AI\Demo\01_Basic\.metadata\.plugins\org.eclipse.swt\EBWebView\Default
2026-10-08 06:47:26.824: [INFO] Profiles total count: 1
2026-10-08 06:47:26.824: [INFO] Profile: name=Profile 1 path=C:\Desktop\PSOC_Edge_AI\Demo\01_Basic\.metadata\.plugins\org.eclipse.swt\EBWebView\Default lastActive=2026-10-08T03:03:15.759Z
2026-10-08 06:47:26.824: [INFO] LastUsedProfileDir: C:\Desktop\PSOC_Edge_AI\Demo\01_Basic\.metadata\.plugins\org.eclipse.swt\EBWebView\Default
2026-10-08 06:47:26.824: [INFO] MostRecentlyActiveProfile: name=Profile 1 path=C:\Desktop\PSOC_Edge_AI\Demo\01_Basic\.metadata\.plugins\org.eclipse.swt\EBWebView\Default lastActive=2026-10-08T03:03:15.759Z
2026-10-08 06:47:26.824: [INFO] OnDoneLoading sync enabled: 0
2026-10-08 06:47:26.824: [INFO] BookmarkModelLoaded, ids_reassigned: 0
2026-10-08 06:47:26.824: [INFO] BookmarksLoadDropped droppedNodes=0
2026-10-08 06:47:26.824: [INFO] BookmarksSnapshot Startup total=0 bar=0 other=0 mobile=0 showBar=0 showBarNTP=1
2026-10-08 06:48:12.293: [INFO] BookmarksSnapshot Shutdown total=0 bar=0 other=0 mobile=0 showBar=0 showBarNTP=1
2026-10-08 06:52:40.371: [INFO] CurrentProfilePath: C:\Desktop\PSOC_Edge_AI\Demo\01_Basic\.metadata\.plugins\org.eclipse.swt\EBWebView\Default
2026-10-08 06:52:40.371: [INFO] Profiles total count: 1
2026-10-08 06:52:40.371: [INFO] Profile: name=Profile 1 path=C:\Desktop\PSOC_Edge_AI\Demo\01_Basic\.metadata\.plugins\org.eclipse.swt\EBWebView\Default lastActive=2026-10-08T03:03:15.759Z
2026-10-08 06:52:40.371: [INFO] LastUsedProfileDir: C:\Desktop\PSOC_Edge_AI\Demo\01_Basic\.metadata\.plugins\org.eclipse.swt\EBWebView\Default
2026-10-08 06:52:40.371: [INFO] MostRecentlyActiveProfile: name=Profile 1 path=C:\Desktop\PSOC_Edge_AI\Demo\01_Basic\.metadata\.plugins\org.eclipse.swt\EBWebView\Default lastActive=2026-10-08T03:03:15.759Z
2026-10-08 06:52:40.371: [INFO] OnDoneLoading sync enabled: 0
2026-10-08 06:52:40.371: [INFO] BookmarkModelLoaded, ids_reassigned: 0
2026-10-08 06:52:40.371: [INFO] BookmarksLoadDropped droppedNodes=0
2026-10-08 06:52:40.371: [INFO] BookmarksSnapshot Startup total=0 bar=0 other=0 mobile=0 showBar=0 showBarNTP=1
2026-10-08 07:25:07.209: [INFO] BookmarksSnapshot Shutdown total=0 bar=0 other=0 mobile=0 showBar=0 showBarNTP=1
2026-10-08 07:34:09.142: [INFO] CurrentProfilePath: C:\Desktop\PSOC_Edge_AI\Demo\01_Basic\.metadata\.plugins\org.eclipse.swt\EBWebView\Default
2026-10-08 07:34:09.142: [INFO] Profiles total count: 1
2026-10-08 07:34:09.142: [INFO] Profile: name=Profile 1 path=C:\Desktop\PSOC_Edge_AI\Demo\01_Basic\.metadata\.plugins\org.eclipse.swt\EBWebView\Default lastActive=2026-10-08T06:52:41.168Z
2026-10-08 07:34:09.142: [INFO] LastUsedProfileDir: C:\Desktop\PSOC_Edge_AI\Demo\01_Basic\.metadata\.plugins\org.eclipse.swt\EBWebView\Default
2026-10-08 07:34:09.142: [INFO] MostRecentlyActiveProfile: name=Profile 1 path=C:\Desktop\PSOC_Edge_AI\Demo\01_Basic\.metadata\.plugins\org.eclipse.swt\EBWebView\Default lastActive=2026-10-08T06:52:41.168Z
2026-10-08 07:34:09.142: [INFO] OnDoneLoading sync enabled: 0
2026-10-08 07:34:09.142: [INFO] BookmarkModelLoaded, ids_reassigned: 0
2026-10-08 07:34:09.142: [INFO] BookmarksLoadDropped droppedNodes=0
2026-10-08 07:34:09.142: [INFO] BookmarksSnapshot Startup total=0 bar=0 other=0 mobile=0 showBar=0 showBarNTP=1
2026-10-08 07:35:37.535: [INFO] BookmarksSnapshot Shutdown total=0 bar=0 other=0 mobile=0 showBar=0 showBarNTP=1
2026-10-08 07:37:23.973: [INFO] CurrentProfilePath: C:\Desktop\PSOC_Edge_AI\Demo\01_Basic\.metadata\.plugins\org.eclipse.swt\EBWebView\Default
2026-10-08 07:37:23.973: [INFO] Profiles total count: 1
2026-10-08 07:37:23.973: [INFO] Profile: name=Profile 1 path=C:\Desktop\PSOC_Edge_AI\Demo\01_Basic\.metadata\.plugins\org.eclipse.swt\EBWebView\Default lastActive=2026-10-08T06:52:41.168Z
2026-10-08 07:37:23.973: [INFO] LastUsedProfileDir: C:\Desktop\PSOC_Edge_AI\Demo\01_Basic\.metadata\.plugins\org.eclipse.swt\EBWebView\Default
2026-10-08 07:37:23.973: [INFO] MostRecentlyActiveProfile: name=Profile 1 path=C:\Desktop\PSOC_Edge_AI\Demo\01_Basic\.metadata\.plugins\org.eclipse.swt\EBWebView\Default lastActive=2026-10-08T06:52:41.168Z
2026-10-08 07:37:23.973: [INFO] OnDoneLoading sync enabled: 0
2026-10-08 07:37:23.973: [INFO] BookmarkModelLoaded, ids_reassigned: 0
2026-10-08 07:37:23.973: [INFO] BookmarksLoadDropped droppedNodes=0
2026-10-08 07:37:23.973: [INFO] BookmarksSnapshot Startup total=0 bar=0 other=0 mobile=0 showBar=0 showBarNTP=1
2026-10-08 07:37:33.778: [INFO] BookmarksSnapshot Shutdown total=0 bar=0 other=0 mobile=0 showBar=0 showBarNTP=1
2026-10-08 07:39:25.398: [INFO] CurrentProfilePath: C:\Desktop\PSOC_Edge_AI\Demo\01_Basic\.metadata\.plugins\org.eclipse.swt\EBWebView\Default
2026-10-08 07:39:25.398: [INFO] Profiles total count: 1
2026-10-08 07:39:25.398: [INFO] Profile: name=Profile 1 path=C:\Desktop\PSOC_Edge_AI\Demo\01_Basic\.metadata\.plugins\org.eclipse.swt\EBWebView\Default lastActive=2026-10-08T07:37:25.299Z
2026-10-08 07:39:25.398: [INFO] LastUsedProfileDir: C:\Desktop\PSOC_Edge_AI\Demo\01_Basic\.metadata\.plugins\org.eclipse.swt\EBWebView\Default
2026-10-08 07:39:25.398: [INFO] MostRecentlyActiveProfile: name=Profile 1 path=C:\Desktop\PSOC_Edge_AI\Demo\01_Basic\.metadata\.plugins\org.eclipse.swt\EBWebView\Default lastActive=2026-10-08T07:37:25.299Z
2026-10-08 07:39:25.398: [INFO] OnDoneLoading sync enabled: 0
2026-10-08 07:39:25.398: [INFO] BookmarkModelLoaded, ids_reassigned: 0
2026-10-08 07:39:25.398: [INFO] BookmarksLoadDropped droppedNodes=0
2026-10-08 07:39:25.398: [INFO] BookmarksSnapshot Startup total=0 bar=0 other=0 mobile=0 showBar=0 showBarNTP=1
2026-10-08 07:47:45.363: [INFO] BookmarksSnapshot Shutdown total=0 bar=0 other=0 mobile=0 showBar=0 showBarNTP=1
2026-10-08 07:47:45.464: [INFO] CurrentProfilePath: C:\Desktop\PSOC_Edge_AI\Demo\01_Basic\.metadata\.plugins\org.eclipse.swt\EBWebView\Default
2026-10-08 07:47:45.464: [INFO] Profiles total count: 1
2026-10-08 07:47:45.465: [INFO] Profile: name=Profile 1 path=C:\Desktop\PSOC_Edge_AI\Demo\01_Basic\.metadata\.plugins\org.eclipse.swt\EBWebView\Default lastActive=2026-10-08T07:37:25.299Z
2026-10-08 07:47:45.465: [INFO] LastUsedProfileDir: C:\Desktop\PSOC_Edge_AI\Demo\01_Basic\.metadata\.plugins\org.eclipse.swt\EBWebView\Default
2026-10-08 07:47:45.465: [INFO] MostRecentlyActiveProfile: name=Profile 1 path=C:\Desktop\PSOC_Edge_AI\Demo\01_Basic\.metadata\.plugins\org.eclipse.swt\EBWebView\Default lastActive=2026-10-08T07:37:25.299Z
2026-10-08 07:47:45.465: [INFO] OnDoneLoading sync enabled: 0
2026-10-08 07:47:45.465: [INFO] BookmarkModelLoaded, ids_reassigned: 0
2026-10-08 07:47:45.465: [INFO] BookmarksLoadDropped droppedNodes=0
2026-10-08 07:47:45.465: [INFO] BookmarksSnapshot Startup total=0 bar=0 other=0 mobile=0 showBar=0 showBarNTP=1
2026-10-08 07:51:13.336: [INFO] BookmarksSnapshot Shutdown total=0 bar=0 other=0 mobile=0 showBar=0 showBarNTP=1
2026-10-08 07:51:13.398: [INFO] CurrentProfilePath: C:\Desktop\PSOC_Edge_AI\Demo\01_Basic\.metadata\.plugins\org.eclipse.swt\EBWebView\Default
2026-10-08 07:51:13.398: [INFO] Profiles total count: 1
2026-10-08 07:51:13.398: [INFO] Profile: name=Profile 1 path=C:\Desktop\PSOC_Edge_AI\Demo\01_Basic\.metadata\.plugins\org.eclipse.swt\EBWebView\Default lastActive=2026-10-08T07:37:25.299Z
2026-10-08 07:51:13.398: [INFO] LastUsedProfileDir: C:\Desktop\PSOC_Edge_AI\Demo\01_Basic\.metadata\.plugins\org.eclipse.swt\EBWebView\Default
2026-10-08 07:51:13.398: [INFO] MostRecentlyActiveProfile: name=Profile 1 path=C:\Desktop\PSOC_Edge_AI\Demo\01_Basic\.metadata\.plugins\org.eclipse.swt\EBWebView\Default lastActive=2026-10-08T07:37:25.299Z
2026-10-08 07:51:13.398: [INFO] OnDoneLoading sync enabled: 0
2026-10-08 07:51:13.398: [INFO] BookmarkModelLoaded, ids_reassigned: 0
2026-10-08 07:51:13.398: [INFO] BookmarksLoadDropped droppedNodes=0
2026-10-08 07:51:13.398: [INFO] BookmarksSnapshot Startup total=0 bar=0 other=0 mobile=0 showBar=0 showBarNTP=1
2026-10-08 08:01:50.416: [INFO] BookmarksSnapshot Shutdown total=0 bar=0 other=0 mobile=0 showBar=0 showBarNTP=1
2026-10-08 08:01:50.475: [INFO] CurrentProfilePath: C:\Desktop\PSOC_Edge_AI\Demo\01_Basic\.metadata\.plugins\org.eclipse.swt\EBWebView\Default
2026-10-08 08:01:50.475: [INFO] Profiles total count: 1
2026-10-08 08:01:50.475: [INFO] Profile: name=Profile 1 path=C:\Desktop\PSOC_Edge_AI\Demo\01_Basic\.metadata\.plugins\org.eclipse.swt\EBWebView\Default lastActive=2026-10-08T07:37:25.299Z
2026-10-08 08:01:50.475: [INFO] LastUsedProfileDir: C:\Desktop\PSOC_Edge_AI\Demo\01_Basic\.metadata\.plugins\org.eclipse.swt\EBWebView\Default
2026-10-08 08:01:50.475: [INFO] MostRecentlyActiveProfile: name=Profile 1 path=C:\Desktop\PSOC_Edge_AI\Demo\01_Basic\.metadata\.plugins\org.eclipse.swt\EBWebView\Default lastActive=2026-10-08T07:37:25.299Z
2026-10-08 08:01:50.475: [INFO] OnDoneLoading sync enabled: 0
2026-10-08 08:01:50.475: [INFO] BookmarkModelLoaded, ids_reassigned: 0
2026-10-08 08:01:50.475: [INFO] BookmarksLoadDropped droppedNodes=0
2026-10-08 08:01:50.475: [INFO] BookmarksSnapshot Startup total=0 bar=0 other=0 mobile=0 showBar=0 showBarNTP=1
2026-10-08 08:10:39.625: [INFO] BookmarksSnapshot Shutdown total=0 bar=0 other=0 mobile=0 showBar=0 showBarNTP=1
2026-10-08 08:10:39.684: [INFO] CurrentProfilePath: C:\Desktop\PSOC_Edge_AI\Demo\01_Basic\.metadata\.plugins\org.eclipse.swt\EBWebView\Default
2026-10-08 08:10:39.684: [INFO] Profiles total count: 1
2026-10-08 08:10:39.684: [INFO] Profile: name=Profile 1 path=C:\Desktop\PSOC_Edge_AI\Demo\01_Basic\.metadata\.plugins\org.eclipse.swt\EBWebView\Default lastActive=2026-10-08T07:37:25.299Z
2026-10-08 08:10:39.684: [INFO] LastUsedProfileDir: C:\Desktop\PSOC_Edge_AI\Demo\01_Basic\.metadata\.plugins\org.eclipse.swt\EBWebView\Default
2026-10-08 08:10:39.684: [INFO] MostRecentlyActiveProfile: name=Profile 1 path=C:\Desktop\PSOC_Edge_AI\Demo\01_Basic\.metadata\.plugins\org.eclipse.swt\EBWebView\Default lastActive=2026-10-08T07:37:25.299Z
2026-10-08 08:10:39.684: [INFO] OnDoneLoading sync enabled: 0
2026-10-08 08:10:39.684: [INFO] BookmarkModelLoaded, ids_reassigned: 0
2026-10-08 08:10:39.684: [INFO] BookmarksLoadDropped droppedNodes=0
2026-10-08 08:10:39.684: [INFO] BookmarksSnapshot Startup total=0 bar=0 other=0 mobile=0 showBar=0 showBarNTP=1
2026-10-08 08:15:11.672: [INFO] BookmarksSnapshot Shutdown total=0 bar=0 other=0 mobile=0 showBar=0 showBarNTP=1
2026-10-08 08:18:37.276: [INFO] CurrentProfilePath: C:\Desktop\PSOC_Edge_AI\Demo\01_Basic\.metadata\.plugins\org.eclipse.swt\EBWebView\Default
2026-10-08 08:18:37.276: [INFO] Profiles total count: 1
2026-10-08 08:18:37.277: [INFO] Profile: name=Profile 1 path=C:\Desktop\PSOC_Edge_AI\Demo\01_Basic\.metadata\.plugins\org.eclipse.swt\EBWebView\Default lastActive=2026-10-08T08:15:14.510Z
2026-10-08 08:18:37.277: [INFO] LastUsedProfileDir: C:\Desktop\PSOC_Edge_AI\Demo\01_Basic\.metadata\.plugins\org.eclipse.swt\EBWebView\Default
2026-10-08 08:18:37.277: [INFO] MostRecentlyActiveProfile: name=Profile 1 path=C:\Desktop\PSOC_Edge_AI\Demo\01_Basic\.metadata\.plugins\org.eclipse.swt\EBWebView\Default lastActive=2026-10-08T08:15:14.510Z
2026-10-08 08:18:37.277: [INFO] OnDoneLoading sync enabled: 0
2026-10-08 08:18:37.277: [INFO] BookmarkModelLoaded, ids_reassigned: 0
2026-10-08 08:18:37.277: [INFO] BookmarksLoadDropped droppedNodes=0
2026-10-08 08:18:37.277: [INFO] BookmarksSnapshot Startup total=0 bar=0 other=0 mobile=0 showBar=0 showBarNTP=1
2026-10-08 08:22:39.755: [INFO] BookmarksSnapshot Shutdown total=0 bar=0 other=0 mobile=0 showBar=0 showBarNTP=1
2026-10-08 08:24:38.400: [INFO] CurrentProfilePath: C:\Desktop\PSOC_Edge_AI\Demo\01_Basic\.metadata\.plugins\org.eclipse.swt\EBWebView\Default
2026-10-08 08:24:38.400: [INFO] Profiles total count: 1
2026-10-08 08:24:38.400: [INFO] Profile: name=Profile 1 path=C:\Desktop\PSOC_Edge_AI\Demo\01_Basic\.metadata\.plugins\org.eclipse.swt\EBWebView\Default lastActive=2026-10-08T08:15:14.510Z
2026-10-08 08:24:38.400: [INFO] LastUsedProfileDir: C:\Desktop\PSOC_Edge_AI\Demo\01_Basic\.metadata\.plugins\org.eclipse.swt\EBWebView\Default
2026-10-08 08:24:38.400: [INFO] MostRecentlyActiveProfile: name=Profile 1 path=C:\Desktop\PSOC_Edge_AI\Demo\01_Basic\.metadata\.plugins\org.eclipse.swt\EBWebView\Default lastActive=2026-10-08T08:15:14.510Z
2026-10-08 08:24:38.400: [INFO] OnDoneLoading sync enabled: 0
2026-10-08 08:24:38.400: [INFO] BookmarkModelLoaded, ids_reassigned: 0
2026-10-08 08:24:38.400: [INFO] BookmarksLoadDropped droppedNodes=0
2026-10-08 08:24:38.400: [INFO] BookmarksSnapshot Startup total=0 bar=0 other=0 mobile=0 showBar=0 showBarNTP=1
2026-10-08 13:40:13.608: [INFO] BookmarksSnapshot Shutdown total=0 bar=0 other=0 mobile=0 showBar=0 showBarNTP=1
