16:21:39 **** Build of configuration Debug for project PSOC_Edge_Interrupt.proj_cm33_ns ****
"C:\\Users\\User\\ModusToolbox\\tools_3.9\\modus-shell\\bin\\make" CY_MAKE_IDE=eclipse CY_IDE_TOOLS_DIR=C:/Users/User/ModusToolbox/tools_3.9 CY_IDE_BT_TOOLS_DIR= -j12 build_proj 
Searching installed tools in progress...
Searching installed tools complete
NOTE: Using 'C:/Users/User/ModusToolbox/tools_3.9/ninja/ninja.exe' from PATH.
Generating mtbninja data files...
Generating mtbninja data complete...
Toolchain validation: PASS
Initializing build: proj_cm33_ns Debug APP_KIT_PSE84_AI GCC_ARM

Prebuild operations complete
# 0: Loading the application in directory 'C:/Desktop/PSOC_Edge_AI/Demo/01_Basic/PSOC_Edge_Interrupt/proj_cm33_ns'
# 0: Loading the ModusToolbox Technology Packs and Early Access Packs
# 0: Loading the tools information
[1/168] Building object file C:/Desktop/PSOC_Edge_AI/Demo/01_Basic/PSOC_Edge_Interrupt/proj_cm33_ns/build/Debug/libraries_shared/mtb-dsl-pse8xxgp/pdl/drivers/source/TOOLCHAIN_GCC_ARM/cy_syslib_ext.o
[2/168] Building object file C:/Desktop/PSOC_Edge_AI/Demo/01_Basic/PSOC_Edge_Interrupt/proj_cm33_ns/build/Debug/libraries_shared/bt-fw-mur-cyw55513/COMPONENT_MURATA-2FY/btfw.o
[3/168] Building object file C:/Desktop/PSOC_Edge_AI/Demo/01_Basic/PSOC_Edge_Interrupt/proj_cm33_ns/build/Debug/libraries_shared/async-transfer/source/mtb_async_transfer.o
[4/168] Building object file C:/Desktop/PSOC_Edge_AI/Demo/01_Basic/PSOC_Edge_Interrupt/proj_cm33_ns/build/Debug/libraries_shared/mtb-dsl-pse8xxgp/device-utils/syspm/source/mtb_syspm_callbacks_dma.o
[5/168] Building object file C:/Desktop/PSOC_Edge_AI/Demo/01_Basic/PSOC_Edge_Interrupt/proj_cm33_ns/build/Debug/libraries_shared/mtb-dsl-pse8xxgp/device-utils/syspm/source/mtb_syspm_callbacks_i2s_tdm.o
[6/168] Building object file C:/Desktop/PSOC_Edge_AI/Demo/01_Basic/PSOC_Edge_Interrupt/proj_cm33_ns/build/Debug/libraries_shared/mtb-dsl-pse8xxgp/device-utils/syspm/source/mtb_syspm_callbacks_nvm.o
[7/168] Building object file C:/Desktop/PSOC_Edge_AI/Demo/01_Basic/PSOC_Edge_Interrupt/proj_cm33_ns/build/Debug/libraries_shared/mtb-dsl-pse8xxgp/device-utils/syspm/source/mtb_syspm_callbacks_smif.o
[8/168] Building object file C:/Desktop/PSOC_Edge_AI/Demo/01_Basic/PSOC_Edge_Interrupt/proj_cm33_ns/build/Debug/local/main.o
[9/168] Building object file C:/Desktop/PSOC_Edge_AI/Demo/01_Basic/PSOC_Edge_Interrupt/proj_cm33_ns/build/Debug/local/retarget_io_init.o
[10/168] Building object file C:/Desktop/PSOC_Edge_AI/Demo/01_Basic/PSOC_Edge_Interrupt/proj_cm33_ns/build/Debug/libraries_shared/mtb-dsl-pse8xxgp/device-utils/syspm/source/mtb_syspm_callbacks_pdm_pcm.o
[11/168] Building object file C:/Desktop/PSOC_Edge_AI/Demo/01_Basic/PSOC_Edge_Interrupt/proj_cm33_ns/build/Debug/libraries_shared/mtb-dsl-pse8xxgp/device-utils/syspm/source/mtb_syspm_callbacks_tcpwm.o
[12/168] Building object file C:/Desktop/PSOC_Edge_AI/Demo/01_Basic/PSOC_Edge_Interrupt/proj_cm33_ns/build/Debug/libraries_shared/mtb-dsl-pse8xxgp/device-utils/syspm/source/mtb_syspm_callbacks_scb_uart.o
[13/168] Building object file C:/Desktop/PSOC_Edge_AI/Demo/01_Basic/PSOC_Edge_Interrupt/proj_cm33_ns/build/Debug/libraries_shared/mtb-dsl-pse8xxgp/hal/source/mtb_hal_adc_sar.o
[14/168] Building object file C:/Desktop/PSOC_Edge_AI/Demo/01_Basic/PSOC_Edge_Interrupt/proj_cm33_ns/build/Debug/libraries_shared/mtb-dsl-pse8xxgp/hal/source/mtb_hal_comp.o
[15/168] Building object file C:/Desktop/PSOC_Edge_AI/Demo/01_Basic/PSOC_Edge_Interrupt/proj_cm33_ns/build/Debug/libraries_shared/mtb-dsl-pse8xxgp/hal/source/mtb_hal_clock.o
[16/168] Building object file C:/Desktop/PSOC_Edge_AI/Demo/01_Basic/PSOC_Edge_Interrupt/proj_cm33_ns/build/Debug/libraries_shared/mtb-dsl-pse8xxgp/hal/source/mtb_hal_dma.o
[17/168] Building object file C:/Desktop/PSOC_Edge_AI/Demo/01_Basic/PSOC_Edge_Interrupt/proj_cm33_ns/build/Debug/libraries_shared/mtb-dsl-pse8xxgp/hal/source/mtb_hal_dma_dmac.o
[18/168] Building object file C:/Desktop/PSOC_Edge_AI/Demo/01_Basic/PSOC_Edge_Interrupt/proj_cm33_ns/build/Debug/libraries_shared/mtb-dsl-pse8xxgp/hal/source/mtb_hal_lptimer_mcwdt.o
[19/168] Building object file C:/Desktop/PSOC_Edge_AI/Demo/01_Basic/PSOC_Edge_Interrupt/proj_cm33_ns/build/Debug/libraries_shared/mtb-dsl-pse8xxgp/hal/source/mtb_hal_lptimer.o
[20/168] Building object file C:/Desktop/PSOC_Edge_AI/Demo/01_Basic/PSOC_Edge_Interrupt/proj_cm33_ns/build/Debug/libraries_shared/mtb-dsl-pse8xxgp/hal/source/mtb_hal_gpio.o
[21/168] Building object file C:/Desktop/PSOC_Edge_AI/Demo/01_Basic/PSOC_Edge_Interrupt/proj_cm33_ns/build/Debug/libraries_shared/mtb-dsl-pse8xxgp/hal/source/mtb_hal_nvm.o
[22/168] Building object file C:/Desktop/PSOC_Edge_AI/Demo/01_Basic/PSOC_Edge_Interrupt/proj_cm33_ns/build/Debug/libraries_shared/mtb-dsl-pse8xxgp/hal/source/mtb_hal_pwm.o
[23/168] Building object file C:/Desktop/PSOC_Edge_AI/Demo/01_Basic/PSOC_Edge_Interrupt/proj_cm33_ns/build/Debug/libraries_shared/mtb-dsl-pse8xxgp/hal/source/mtb_hal_rtc.o
[24/168] Building object file C:/Desktop/PSOC_Edge_AI/Demo/01_Basic/PSOC_Edge_Interrupt/proj_cm33_ns/build/Debug/libraries_shared/mtb-dsl-pse8xxgp/hal/source/mtb_hal_lptimer_common.o
[25/168] Building object file C:/Desktop/PSOC_Edge_AI/Demo/01_Basic/PSOC_Edge_Interrupt/proj_cm33_ns/build/Debug/libraries_shared/mtb-dsl-pse8xxgp/hal/source/mtb_hal_dma_dw.o
[26/168] Building object file C:/Desktop/PSOC_Edge_AI/Demo/01_Basic/PSOC_Edge_Interrupt/proj_cm33_ns/build/Debug/libraries_shared/mtb-dsl-pse8xxgp/hal/source/mtb_hal_nvm_mxs22rramc.o
[27/168] Building object file C:/Desktop/PSOC_Edge_AI/Demo/01_Basic/PSOC_Edge_Interrupt/proj_cm33_ns/build/Debug/libraries_shared/mtb-dsl-pse8xxgp/hal/source/mtb_hal_i2c.o
[28/168] Building object file C:/Desktop/PSOC_Edge_AI/Demo/01_Basic/PSOC_Edge_Interrupt/proj_cm33_ns/build/Debug/libraries_shared/mtb-dsl-pse8xxgp/hal/source/mtb_hal_memoryspi.o
[29/168] Building object file C:/Desktop/PSOC_Edge_AI/Demo/01_Basic/PSOC_Edge_Interrupt/proj_cm33_ns/build/Debug/libraries_shared/mtb-dsl-pse8xxgp/hal/source/mtb_hal_sdhc.o
[30/168] Building object file C:/Desktop/PSOC_Edge_AI/Demo/01_Basic/PSOC_Edge_Interrupt/proj_cm33_ns/build/Debug/libraries_shared/mtb-dsl-pse8xxgp/hal/source/mtb_hal_spi.o
[31/168] Building object file C:/Desktop/PSOC_Edge_AI/Demo/01_Basic/PSOC_Edge_Interrupt/proj_cm33_ns/build/Debug/libraries_shared/mtb-dsl-pse8xxgp/hal/source/mtb_hal_syspm.o
[32/168] Building object file C:/Desktop/PSOC_Edge_AI/Demo/01_Basic/PSOC_Edge_Interrupt/proj_cm33_ns/build/Debug/libraries_shared/mtb-dsl-pse8xxgp/hal/source/mtb_hal_timer.o
[33/168] Building object file C:/Desktop/PSOC_Edge_AI/Demo/01_Basic/PSOC_Edge_Interrupt/proj_cm33_ns/build/Debug/libraries_shared/mtb-dsl-pse8xxgp/nnkernel/COMPONENT_CM33/source/cy_nn_dma_helper.o
[34/168] Building object file C:/Desktop/PSOC_Edge_AI/Demo/01_Basic/PSOC_Edge_Interrupt/proj_cm33_ns/build/Debug/libraries_shared/mtb-dsl-pse8xxgp/hal/source/mtb_hal_system.o
[35/168] Building object file C:/Desktop/PSOC_Edge_AI/Demo/01_Basic/PSOC_Edge_Interrupt/proj_cm33_ns/build/Debug/libraries_shared/mtb-dsl-pse8xxgp/nnkernel/COMPONENT_CM33/source/cy_nn_lstm_calculate_gate_s8_s16.o
[36/168] Building object file C:/Desktop/PSOC_Edge_AI/Demo/01_Basic/PSOC_Edge_Interrupt/proj_cm33_ns/build/Debug/libraries_shared/mtb-dsl-pse8xxgp/hal/source/mtb_hal_utils_impl.o
[37/168] Building object file C:/Desktop/PSOC_Edge_AI/Demo/01_Basic/PSOC_Edge_Interrupt/proj_cm33_ns/build/Debug/libraries_shared/mtb-dsl-pse8xxgp/nnkernel/COMPONENT_CM33/source/cy_nn_lstm_unidirectional_s8_s16.o
[38/168] Building object file C:/Desktop/PSOC_Edge_AI/Demo/01_Basic/PSOC_Edge_Interrupt/proj_cm33_ns/build/Debug/libraries_shared/mtb-dsl-pse8xxgp/nnkernel/COMPONENT_CM33/source/cy_nn_lstm_update_output_s8_s16.o
[39/168] Building object file C:/Desktop/PSOC_Edge_AI/Demo/01_Basic/PSOC_Edge_Interrupt/proj_cm33_ns/build/Debug/libraries_shared/mtb-dsl-pse8xxgp/nnkernel/COMPONENT_CM33/source/cy_nn_lstm_step_s8_s16.o
[40/168] Building object file C:/Desktop/PSOC_Edge_AI/Demo/01_Basic/PSOC_Edge_Interrupt/proj_cm33_ns/build/Debug/libraries_shared/mtb-dsl-pse8xxgp/nnkernel/COMPONENT_CM33/source/cy_nn_lstm_update_cell_state_s16.o
[41/168] Building object file C:/Desktop/PSOC_Edge_AI/Demo/01_Basic/PSOC_Edge_Interrupt/proj_cm33_ns/build/Debug/libraries_shared/mtb-dsl-pse8xxgp/hal/source/mtb_hal_uart.o
[42/168] Building object file C:/Desktop/PSOC_Edge_AI/Demo/01_Basic/PSOC_Edge_Interrupt/proj_cm33_ns/build/Debug/libraries_shared/mtb-dsl-pse8xxgp/pdl/drivers/source/cy_autanalog_ac.o
[43/168] Building object file C:/Desktop/PSOC_Edge_AI/Demo/01_Basic/PSOC_Edge_Interrupt/proj_cm33_ns/build/Debug/libraries_shared/mtb-dsl-pse8xxgp/pdl/drivers/source/cy_autanalog_ctb.o
[44/168] Building object file C:/Desktop/PSOC_Edge_AI/Demo/01_Basic/PSOC_Edge_Interrupt/proj_cm33_ns/build/Debug/libraries_shared/mtb-dsl-pse8xxgp/pdl/drivers/source/cy_autanalog.o
[45/168] Building object file C:/Desktop/PSOC_Edge_AI/Demo/01_Basic/PSOC_Edge_Interrupt/proj_cm33_ns/build/Debug/libraries_shared/mtb-dsl-pse8xxgp/pdl/drivers/source/cy_autanalog_dac.o
[46/168] Building object file C:/Desktop/PSOC_Edge_AI/Demo/01_Basic/PSOC_Edge_Interrupt/proj_cm33_ns/build/Debug/libraries_shared/mtb-dsl-pse8xxgp/pdl/drivers/source/cy_axidmac.o
[47/168] Building object file C:/Desktop/PSOC_Edge_AI/Demo/01_Basic/PSOC_Edge_Interrupt/proj_cm33_ns/build/Debug/libraries_shared/mtb-dsl-pse8xxgp/pdl/devices/source/cy_device.o
[48/168] Building object file C:/Desktop/PSOC_Edge_AI/Demo/01_Basic/PSOC_Edge_Interrupt/proj_cm33_ns/build/Debug/libraries_shared/mtb-dsl-pse8xxgp/pdl/drivers/source/cy_autanalog_ptc.o
[49/168] Building object file C:/Desktop/PSOC_Edge_AI/Demo/01_Basic/PSOC_Edge_Interrupt/proj_cm33_ns/build/Debug/libraries_shared/mtb-dsl-pse8xxgp/nnkernel/COMPONENT_CM33/source/cy_nn_kernel.o
[50/168] Building object file C:/Desktop/PSOC_Edge_AI/Demo/01_Basic/PSOC_Edge_Interrupt/proj_cm33_ns/build/Debug/libraries_shared/mtb-dsl-pse8xxgp/pdl/drivers/source/cy_crypto_core_chacha.o
[51/168] Building object file C:/Desktop/PSOC_Edge_AI/Demo/01_Basic/PSOC_Edge_Interrupt/proj_cm33_ns/build/Debug/libraries_shared/mtb-dsl-pse8xxgp/pdl/drivers/source/cy_crypto.o
[52/168] Building object file C:/Desktop/PSOC_Edge_AI/Demo/01_Basic/PSOC_Edge_Interrupt/proj_cm33_ns/build/Debug/libraries_shared/mtb-dsl-pse8xxgp/pdl/drivers/source/cy_crypto_core_aes_v1.o
[53/168] Building object file C:/Desktop/PSOC_Edge_AI/Demo/01_Basic/PSOC_Edge_Interrupt/proj_cm33_ns/build/Debug/libraries_shared/mtb-dsl-pse8xxgp/pdl/drivers/source/cy_canfd.o
[54/168] Building object file C:/Desktop/PSOC_Edge_AI/Demo/01_Basic/PSOC_Edge_Interrupt/proj_cm33_ns/build/Debug/libraries_shared/mtb-dsl-pse8xxgp/pdl/drivers/source/cy_autanalog_sar.o
[55/168] Building object file C:/Desktop/PSOC_Edge_AI/Demo/01_Basic/PSOC_Edge_Interrupt/proj_cm33_ns/build/Debug/libraries_shared/mtb-dsl-pse8xxgp/pdl/drivers/source/cy_crypto_core_crc_v1.o
[56/168] Building object file C:/Desktop/PSOC_Edge_AI/Demo/01_Basic/PSOC_Edge_Interrupt/proj_cm33_ns/build/Debug/libraries_shared/mtb-dsl-pse8xxgp/pdl/drivers/source/cy_crypto_core_ecc_domain_params.o
[57/168] Building object file C:/Desktop/PSOC_Edge_AI/Demo/01_Basic/PSOC_Edge_Interrupt/proj_cm33_ns/build/Debug/libraries_shared/mtb-dsl-pse8xxgp/pdl/drivers/source/cy_crypto_core_cmac_v2.o
[58/168] Building object file C:/Desktop/PSOC_Edge_AI/Demo/01_Basic/PSOC_Edge_Interrupt/proj_cm33_ns/build/Debug/libraries_shared/mtb-dsl-pse8xxgp/pdl/drivers/source/cy_crypto_core_cmac_v1.o
[59/168] Building object file C:/Desktop/PSOC_Edge_AI/Demo/01_Basic/PSOC_Edge_Interrupt/proj_cm33_ns/build/Debug/libraries_shared/mtb-dsl-pse8xxgp/pdl/drivers/source/cy_crypto_core_crc_v2.o
[60/168] Building object file C:/Desktop/PSOC_Edge_AI/Demo/01_Basic/PSOC_Edge_Interrupt/proj_cm33_ns/build/Debug/libraries_shared/mtb-dsl-pse8xxgp/pdl/drivers/source/cy_crypto_core_des_v1.o
[61/168] Building object file C:/Desktop/PSOC_Edge_AI/Demo/01_Basic/PSOC_Edge_Interrupt/proj_cm33_ns/build/Debug/libraries_shared/mtb-dsl-pse8xxgp/pdl/drivers/source/cy_crypto_core_des_v2.o
[62/168] Building object file C:/Desktop/PSOC_Edge_AI/Demo/01_Basic/PSOC_Edge_Interrupt/proj_cm33_ns/build/Debug/libraries_shared/mtb-dsl-pse8xxgp/pdl/drivers/source/cy_crypto_core_ecc_key_gen.o
[63/168] Building object file C:/Desktop/PSOC_Edge_AI/Demo/01_Basic/PSOC_Edge_Interrupt/proj_cm33_ns/build/Debug/libraries_shared/mtb-dsl-pse8xxgp/pdl/drivers/source/cy_crypto_core_aes_v2.o
[64/168] Building object file C:/Desktop/PSOC_Edge_AI/Demo/01_Basic/PSOC_Edge_Interrupt/proj_cm33_ns/build/Debug/libraries_shared/mtb-dsl-pse8xxgp/pdl/drivers/source/cy_crypto_core_ecc_ec25519.o
[65/168] Building object file C:/Desktop/PSOC_Edge_AI/Demo/01_Basic/PSOC_Edge_Interrupt/proj_cm33_ns/build/Debug/libraries_shared/mtb-dsl-pse8xxgp/pdl/drivers/source/cy_crypto_core_hkdf_v2.o
[66/168] Building object file C:/Desktop/PSOC_Edge_AI/Demo/01_Basic/PSOC_Edge_Interrupt/proj_cm33_ns/build/Debug/libraries_shared/mtb-dsl-pse8xxgp/pdl/drivers/source/cy_crypto_core_ecc_ecdsa.o
[67/168] Building object file C:/Desktop/PSOC_Edge_AI/Demo/01_Basic/PSOC_Edge_Interrupt/proj_cm33_ns/build/Debug/libraries_shared/mtb-dsl-pse8xxgp/pdl/drivers/source/cy_crypto_core_hmac_v1.o
[68/168] Building object file C:/Desktop/PSOC_Edge_AI/Demo/01_Basic/PSOC_Edge_Interrupt/proj_cm33_ns/build/Debug/libraries_shared/mtb-dsl-pse8xxgp/pdl/drivers/source/cy_crypto_core_ecc_eddsa.o
[69/168] Building object file C:/Desktop/PSOC_Edge_AI/Demo/01_Basic/PSOC_Edge_Interrupt/proj_cm33_ns/build/Debug/libraries_shared/mtb-dsl-pse8xxgp/pdl/drivers/source/cy_crypto_core_mem_v1.o
[70/168] Building object file C:/Desktop/PSOC_Edge_AI/Demo/01_Basic/PSOC_Edge_Interrupt/proj_cm33_ns/build/Debug/libraries_shared/mtb-dsl-pse8xxgp/pdl/drivers/source/cy_crypto_core_hmac_v2.o
[71/168] Building object file C:/Desktop/PSOC_Edge_AI/Demo/01_Basic/PSOC_Edge_Interrupt/proj_cm33_ns/build/Debug/libraries_shared/mtb-dsl-pse8xxgp/pdl/drivers/source/cy_crypto_core_ecc_nist_p.o
[72/168] Building object file C:/Desktop/PSOC_Edge_AI/Demo/01_Basic/PSOC_Edge_Interrupt/proj_cm33_ns/build/Debug/libraries_shared/mtb-dsl-pse8xxgp/pdl/drivers/source/cy_crypto_core_hw_v1.o
[73/168] Building object file C:/Desktop/PSOC_Edge_AI/Demo/01_Basic/PSOC_Edge_Interrupt/proj_cm33_ns/build/Debug/libraries_shared/mtb-dsl-pse8xxgp/pdl/drivers/source/cy_crypto_core_hw.o
[74/168] Building object file C:/Desktop/PSOC_Edge_AI/Demo/01_Basic/PSOC_Edge_Interrupt/proj_cm33_ns/build/Debug/libraries_shared/mtb-dsl-pse8xxgp/pdl/drivers/source/cy_crypto_core_prng_v1.o
[75/168] Building object file C:/Desktop/PSOC_Edge_AI/Demo/01_Basic/PSOC_Edge_Interrupt/proj_cm33_ns/build/Debug/libraries_shared/mtb-dsl-pse8xxgp/pdl/drivers/source/cy_crypto_core_poly1305.o
[76/168] Building object file C:/Desktop/PSOC_Edge_AI/Demo/01_Basic/PSOC_Edge_Interrupt/proj_cm33_ns/build/Debug/libraries_shared/mtb-dsl-pse8xxgp/pdl/drivers/source/cy_crypto_core_prng_v2.o
[77/168] Building object file C:/Desktop/PSOC_Edge_AI/Demo/01_Basic/PSOC_Edge_Interrupt/proj_cm33_ns/build/Debug/libraries_shared/mtb-dsl-pse8xxgp/pdl/drivers/source/cy_crypto_core_mem_v2.o
[78/168] Building object file C:/Desktop/PSOC_Edge_AI/Demo/01_Basic/PSOC_Edge_Interrupt/proj_cm33_ns/build/Debug/libraries_shared/mtb-dsl-pse8xxgp/pdl/drivers/source/cy_crypto_core_sha_v1.o
[79/168] Building object file C:/Desktop/PSOC_Edge_AI/Demo/01_Basic/PSOC_Edge_Interrupt/proj_cm33_ns/build/Debug/libraries_shared/mtb-dsl-pse8xxgp/pdl/drivers/source/cy_crypto_core_trng.o
[80/168] Building object file C:/Desktop/PSOC_Edge_AI/Demo/01_Basic/PSOC_Edge_Interrupt/proj_cm33_ns/build/Debug/libraries_shared/mtb-dsl-pse8xxgp/pdl/drivers/source/cy_crypto_core_sha_v2.o
[81/168] Building object file C:/Desktop/PSOC_Edge_AI/Demo/01_Basic/PSOC_Edge_Interrupt/proj_cm33_ns/build/Debug/libraries_shared/mtb-dsl-pse8xxgp/pdl/drivers/source/cy_crypto_core_rsa.o
[82/168] Building object file C:/Desktop/PSOC_Edge_AI/Demo/01_Basic/PSOC_Edge_Interrupt/proj_cm33_ns/build/Debug/libraries_shared/mtb-dsl-pse8xxgp/pdl/drivers/source/cy_dma.o
[83/168] Building object file C:/Desktop/PSOC_Edge_AI/Demo/01_Basic/PSOC_Edge_Interrupt/proj_cm33_ns/build/Debug/libraries_shared/mtb-dsl-pse8xxgp/pdl/drivers/source/cy_crypto_core_vu.o
[84/168] Building object file C:/Desktop/PSOC_Edge_AI/Demo/01_Basic/PSOC_Edge_Interrupt/proj_cm33_ns/build/Debug/libraries_shared/mtb-dsl-pse8xxgp/pdl/drivers/source/cy_ephy.o
[85/168] Building object file C:/Desktop/PSOC_Edge_AI/Demo/01_Basic/PSOC_Edge_Interrupt/proj_cm33_ns/build/Debug/libraries_shared/mtb-dsl-pse8xxgp/pdl/drivers/source/cy_crypto_utils.o
[86/168] Building object file C:/Desktop/PSOC_Edge_AI/Demo/01_Basic/PSOC_Edge_Interrupt/proj_cm33_ns/build/Debug/libraries_shared/mtb-dsl-pse8xxgp/pdl/drivers/source/cy_ipc_drv.o
[87/168] Building object file C:/Desktop/PSOC_Edge_AI/Demo/01_Basic/PSOC_Edge_Interrupt/proj_cm33_ns/build/Debug/libraries_shared/mtb-dsl-pse8xxgp/pdl/drivers/source/cy_crypto_server.o
[88/168] Building object file C:/Desktop/PSOC_Edge_AI/Demo/01_Basic/PSOC_Edge_Interrupt/proj_cm33_ns/build/Debug/libraries_shared/mtb-dsl-pse8xxgp/pdl/drivers/source/cy_ipc_pipe.o
[89/168] Building object file C:/Desktop/PSOC_Edge_AI/Demo/01_Basic/PSOC_Edge_Interrupt/proj_cm33_ns/build/Debug/libraries_shared/mtb-dsl-pse8xxgp/pdl/drivers/source/cy_gpio.o
[90/168] Building object file C:/Desktop/PSOC_Edge_AI/Demo/01_Basic/PSOC_Edge_Interrupt/proj_cm33_ns/build/Debug/libraries_shared/mtb-dsl-pse8xxgp/pdl/drivers/source/cy_lvd.o
[91/168] Building object file C:/Desktop/PSOC_Edge_AI/Demo/01_Basic/PSOC_Edge_Interrupt/proj_cm33_ns/build/Debug/libraries_shared/mtb-dsl-pse8xxgp/pdl/drivers/source/cy_ethif.o
[92/168] Building object file C:/Desktop/PSOC_Edge_AI/Demo/01_Basic/PSOC_Edge_Interrupt/proj_cm33_ns/build/Debug/libraries_shared/mtb-dsl-pse8xxgp/pdl/drivers/source/cy_mpc.o
[93/168] Building object file C:/Desktop/PSOC_Edge_AI/Demo/01_Basic/PSOC_Edge_Interrupt/proj_cm33_ns/build/Debug/libraries_shared/mtb-dsl-pse8xxgp/pdl/drivers/source/cy_ipc_sema.o
[94/168] Building object file C:/Desktop/PSOC_Edge_AI/Demo/01_Basic/PSOC_Edge_Interrupt/proj_cm33_ns/build/Debug/libraries_shared/mtb-dsl-pse8xxgp/pdl/drivers/source/cy_lpcomp.o
[95/168] Building object file C:/Desktop/PSOC_Edge_AI/Demo/01_Basic/PSOC_Edge_Interrupt/proj_cm33_ns/build/Debug/libraries_shared/mtb-dsl-pse8xxgp/pdl/drivers/source/cy_mcwdt.o
[96/168] Building object file C:/Desktop/PSOC_Edge_AI/Demo/01_Basic/PSOC_Edge_Interrupt/proj_cm33_ns/build/Debug/libraries_shared/mtb-dsl-pse8xxgp/pdl/drivers/source/cy_mipidsi.o
[97/168] Building object file C:/Desktop/PSOC_Edge_AI/Demo/01_Basic/PSOC_Edge_Interrupt/proj_cm33_ns/build/Debug/libraries_shared/mtb-dsl-pse8xxgp/pdl/drivers/source/cy_ms_ctl.o
[98/168] Building object file C:/Desktop/PSOC_Edge_AI/Demo/01_Basic/PSOC_Edge_Interrupt/proj_cm33_ns/build/Debug/libraries_shared/mtb-dsl-pse8xxgp/pdl/drivers/source/cy_pdm_pcm_v2.o
[99/168] Building object file C:/Desktop/PSOC_Edge_AI/Demo/01_Basic/PSOC_Edge_Interrupt/proj_cm33_ns/build/Debug/libraries_shared/mtb-dsl-pse8xxgp/pdl/drivers/source/cy_pdl_srf.o
[100/168] Building object file C:/Desktop/PSOC_Edge_AI/Demo/01_Basic/PSOC_Edge_Interrupt/proj_cm33_ns/build/Debug/libraries_shared/mtb-dsl-pse8xxgp/pdl/drivers/source/cy_ppc.o
[101/168] Building object file C:/Desktop/PSOC_Edge_AI/Demo/01_Basic/PSOC_Edge_Interrupt/proj_cm33_ns/build/Debug/libraries_shared/mtb-dsl-pse8xxgp/pdl/drivers/source/cy_nnlite.o
[102/168] Building object file C:/Desktop/PSOC_Edge_AI/Demo/01_Basic/PSOC_Edge_Interrupt/proj_cm33_ns/build/Debug/libraries_shared/mtb-dsl-pse8xxgp/pdl/drivers/source/cy_pdl_srf_common.o
[103/168] Building object file C:/Desktop/PSOC_Edge_AI/Demo/01_Basic/PSOC_Edge_Interrupt/proj_cm33_ns/build/Debug/libraries_shared/mtb-dsl-pse8xxgp/pdl/drivers/source/cy_scb_common.o
[104/168] Building object file C:/Desktop/PSOC_Edge_AI/Demo/01_Basic/PSOC_Edge_Interrupt/proj_cm33_ns/build/Debug/libraries_shared/mtb-dsl-pse8xxgp/pdl/drivers/source/cy_i3c.o
[105/168] Building object file C:/Desktop/PSOC_Edge_AI/Demo/01_Basic/PSOC_Edge_Interrupt/proj_cm33_ns/build/Debug/libraries_shared/mtb-dsl-pse8xxgp/pdl/drivers/source/cy_scb_spi_ez.o
[106/168] Building object file C:/Desktop/PSOC_Edge_AI/Demo/01_Basic/PSOC_Edge_Interrupt/proj_cm33_ns/build/Debug/libraries_shared/mtb-dsl-pse8xxgp/pdl/drivers/source/cy_rram.o
[107/168] Building object file C:/Desktop/PSOC_Edge_AI/Demo/01_Basic/PSOC_Edge_Interrupt/proj_cm33_ns/build/Debug/libraries_shared/mtb-dsl-pse8xxgp/pdl/drivers/source/cy_scb_spi.o
[108/168] Building object file C:/Desktop/PSOC_Edge_AI/Demo/01_Basic/PSOC_Edge_Interrupt/proj_cm33_ns/build/Debug/libraries_shared/mtb-dsl-pse8xxgp/pdl/drivers/source/cy_scb_ezi2c.o
[109/168] Building object file C:/Desktop/PSOC_Edge_AI/Demo/01_Basic/PSOC_Edge_Interrupt/proj_cm33_ns/build/Debug/libraries_shared/mtb-dsl-pse8xxgp/pdl/drivers/source/cy_smartio.o
[110/168] Building object file C:/Desktop/PSOC_Edge_AI/Demo/01_Basic/PSOC_Edge_Interrupt/proj_cm33_ns/build/Debug/libraries_shared/mtb-dsl-pse8xxgp/pdl/drivers/source/cy_scb_i2c.o
[111/168] Building object file C:/Desktop/PSOC_Edge_AI/Demo/01_Basic/PSOC_Edge_Interrupt/proj_cm33_ns/build/Debug/libraries_shared/mtb-dsl-pse8xxgp/pdl/drivers/source/cy_scb_uart.o
[112/168] Building object file C:/Desktop/PSOC_Edge_AI/Demo/01_Basic/PSOC_Edge_Interrupt/proj_cm33_ns/build/Debug/libraries_shared/mtb-dsl-pse8xxgp/pdl/drivers/source/cy_rtc.o
[113/168] Building object file C:/Desktop/PSOC_Edge_AI/Demo/01_Basic/PSOC_Edge_Interrupt/proj_cm33_ns/build/Debug/libraries_shared/mtb-dsl-pse8xxgp/pdl/drivers/source/cy_smif_hb_flash.o
[114/168] Building object file C:/Desktop/PSOC_Edge_AI/Demo/01_Basic/PSOC_Edge_Interrupt/proj_cm33_ns/build/Debug/libraries_shared/mtb-dsl-pse8xxgp/pdl/drivers/source/cy_smif_memnum.o
[115/168] Building object file C:/Desktop/PSOC_Edge_AI/Demo/01_Basic/PSOC_Edge_Interrupt/proj_cm33_ns/build/Debug/libraries_shared/mtb-dsl-pse8xxgp/pdl/drivers/source/cy_smif.o
[116/168] Building object file C:/Desktop/PSOC_Edge_AI/Demo/01_Basic/PSOC_Edge_Interrupt/proj_cm33_ns/build/Debug/libraries_shared/mtb-dsl-pse8xxgp/pdl/drivers/source/cy_sysfault.o
[117/168] Building object file C:/Desktop/PSOC_Edge_AI/Demo/01_Basic/PSOC_Edge_Interrupt/proj_cm33_ns/build/Debug/libraries_shared/mtb-dsl-pse8xxgp/pdl/drivers/source/cy_sysint_v2.o
[118/168] Building object file C:/Desktop/PSOC_Edge_AI/Demo/01_Basic/PSOC_Edge_Interrupt/proj_cm33_ns/build/Debug/libraries_shared/mtb-dsl-pse8xxgp/pdl/drivers/source/cy_sd_host.o
[119/168] Building object file C:/Desktop/PSOC_Edge_AI/Demo/01_Basic/PSOC_Edge_Interrupt/proj_cm33_ns/build/Debug/libraries_shared/mtb-dsl-pse8xxgp/pdl/drivers/source/cy_syslib.o
[120/168] Building object file C:/Desktop/PSOC_Edge_AI/Demo/01_Basic/PSOC_Edge_Interrupt/proj_cm33_ns/build/Debug/libraries_shared/mtb-dsl-pse8xxgp/pdl/drivers/source/cy_smif_memslot.o
[121/168] Building object file C:/Desktop/PSOC_Edge_AI/Demo/01_Basic/PSOC_Edge_Interrupt/proj_cm33_ns/build/Debug/libraries_shared/mtb-dsl-pse8xxgp/pdl/drivers/source/cy_syspm_pdcm.o
[122/168] Building object file C:/Desktop/PSOC_Edge_AI/Demo/01_Basic/PSOC_Edge_Interrupt/proj_cm33_ns/build/Debug/libraries_shared/mtb-dsl-pse8xxgp/pdl/drivers/source/cy_syspm_ppu.o
[123/168] Building object file C:/Desktop/PSOC_Edge_AI/Demo/01_Basic/PSOC_Edge_Interrupt/proj_cm33_ns/build/Debug/libraries_shared/mtb-dsl-pse8xxgp/pdl/drivers/source/cy_smif_sfdp.o
[124/168] Building object file C:/Desktop/PSOC_Edge_AI/Demo/01_Basic/PSOC_Edge_Interrupt/proj_cm33_ns/build/Debug/libraries_shared/mtb-dsl-pse8xxgp/pdl/drivers/source/cy_systrimm.o
[125/168] Building object file C:/Desktop/PSOC_Edge_AI/Demo/01_Basic/PSOC_Edge_Interrupt/proj_cm33_ns/build/Debug/libraries_shared/mtb-dsl-pse8xxgp/pdl/drivers/source/cy_systick_v2.o
[126/168] Building object file C:/Desktop/PSOC_Edge_AI/Demo/01_Basic/PSOC_Edge_Interrupt/proj_cm33_ns/build/Debug/libraries_shared/mtb-dsl-pse8xxgp/pdl/drivers/source/cy_tcpwm_counter.o
[127/168] Building object file C:/Desktop/PSOC_Edge_AI/Demo/01_Basic/PSOC_Edge_Interrupt/proj_cm33_ns/build/Debug/libraries_shared/mtb-dsl-pse8xxgp/pdl/drivers/source/cy_tdm.o
[128/168] Building object file C:/Desktop/PSOC_Edge_AI/Demo/01_Basic/PSOC_Edge_Interrupt/proj_cm33_ns/build/Debug/libraries_shared/mtb-dsl-pse8xxgp/pdl/drivers/source/cy_trigmux.o
[129/168] Building object file C:/Desktop/PSOC_Edge_AI/Demo/01_Basic/PSOC_Edge_Interrupt/proj_cm33_ns/build/Debug/libraries_shared/mtb-dsl-pse8xxgp/pdl/drivers/source/cy_tcpwm_quaddec.o
[130/168] Building object file C:/Desktop/PSOC_Edge_AI/Demo/01_Basic/PSOC_Edge_Interrupt/proj_cm33_ns/build/Debug/libraries_shared/mtb-dsl-pse8xxgp/pdl/drivers/source/cy_tcpwm_pwm.o
[131/168] Building object file C:/Desktop/PSOC_Edge_AI/Demo/01_Basic/PSOC_Edge_Interrupt/proj_cm33_ns/build/Debug/libraries_shared/mtb-dsl-pse8xxgp/pdl/drivers/source/cy_sysclk_v2.o
[132/168] Building object file C:/Desktop/PSOC_Edge_AI/Demo/01_Basic/PSOC_Edge_Interrupt/proj_cm33_ns/build/Debug/libraries_shared/mtb-dsl-pse8xxgp/pdl/drivers/source/cy_syspm_v4.o
[133/168] Building object file C:/Desktop/PSOC_Edge_AI/Demo/01_Basic/PSOC_Edge_Interrupt/proj_cm33_ns/build/Debug/libraries_shared/mtb-dsl-pse8xxgp/support/source/mtb_stdlib_stubs.o
[134/168] Building object file C:/Desktop/PSOC_Edge_AI/Demo/01_Basic/PSOC_Edge_Interrupt/proj_cm33_ns/build/Debug/libraries_shared/mtb-dsl-pse8xxgp/pdl/drivers/source/cy_tcpwm_shiftreg.o
[135/168] Building object file C:/Desktop/PSOC_Edge_AI/Demo/01_Basic/PSOC_Edge_Interrupt/proj_cm33_ns/build/Debug/libraries_shared/se-rt-services-utils/ifx_se_crc32.o
[136/168] Building object file C:/Desktop/PSOC_Edge_AI/Demo/01_Basic/PSOC_Edge_Interrupt/proj_cm33_ns/build/Debug/libraries_shared/mtb-dsl-pse8xxgp/pdl/drivers/source/cy_wdt.o
[137/168] Building object file C:/Desktop/PSOC_Edge_AI/Demo/01_Basic/PSOC_Edge_Interrupt/proj_cm33_ns/build/Debug/libraries_shared/mtb-dsl-pse8xxgp/pdl/drivers/source/ppu_v1.o
[138/168] Building object file C:/Desktop/PSOC_Edge_AI/Demo/01_Basic/PSOC_Edge_Interrupt/proj_cm33_ns/build/Debug/libraries_shared/mtb-dsl-pse8xxgp/pdl/drivers/third_party/ethernet/src/edd_tx.o
[139/168] Building object file C:/Desktop/PSOC_Edge_AI/Demo/01_Basic/PSOC_Edge_Interrupt/proj_cm33_ns/build/Debug/libraries_shared/se-rt-services-utils/ifx_se_platform.o
[140/168] Building object file C:/Desktop/PSOC_Edge_AI/Demo/01_Basic/PSOC_Edge_Interrupt/proj_cm33_ns/build/Debug/libraries_shared/se-rt-services-utils/ifx_se_fih.o
[141/168] Building object file C:/Desktop/PSOC_Edge_AI/Demo/01_Basic/PSOC_Edge_Interrupt/proj_cm33_ns/build/Debug/libraries_shared/se-rt-services-utils/ifx_se_ss_wifi.o
[142/168] Building object file C:/Desktop/PSOC_Edge_AI/Demo/01_Basic/PSOC_Edge_Interrupt/proj_cm33_ns/build/Debug/libraries_shared/se-rt-services-utils/ifx_se_syscall.o
[143/168] Building object file C:/Desktop/PSOC_Edge_AI/Demo/01_Basic/PSOC_Edge_Interrupt/proj_cm33_ns/build/Debug/libraries_shared/mtb-srf/source/mtb_srf.o
[144/168] Building object file C:/Desktop/PSOC_Edge_AI/Demo/01_Basic/PSOC_Edge_Interrupt/proj_cm33_ns/build/Debug/libraries_shared/se-rt-services-utils/ifx_se_psacrypto_pqc.o
[145/168] Building object file C:/Desktop/PSOC_Edge_AI/Demo/01_Basic/PSOC_Edge_Interrupt/proj_cm33_ns/build/Debug/bsps/APP_KIT_PSE84_AI/bluetooth/cybsp_bt_config.o
[146/168] Building object file C:/Desktop/PSOC_Edge_AI/Demo/01_Basic/PSOC_Edge_Interrupt/proj_cm33_ns/build/Debug/libraries_shared/mtb-srf/source/COMPONENT_NON_SECURE_DEVICE/COMPONENT_MW_MTB_IPC/mtb_srf_ipc.o
[147/168] Building object file C:/Desktop/PSOC_Edge_AI/Demo/01_Basic/PSOC_Edge_Interrupt/proj_cm33_ns/build/Debug/libraries_shared/mtb-dsl-pse8xxgp/pdl/drivers/third_party/ethernet/src/edd_rx.o
[148/168] Building object file C:/Desktop/PSOC_Edge_AI/Demo/01_Basic/PSOC_Edge_Interrupt/proj_cm33_ns/build/Debug/libraries_shared/mtb-srf/source/COMPONENT_NON_SECURE_DEVICE/mtb_srf_pool.o
[149/168] Building object file C:/Desktop/PSOC_Edge_AI/Demo/01_Basic/PSOC_Edge_Interrupt/proj_cm33_ns/build/Debug/libraries_shared/retarget-io/source/cy_retarget_io.o
[150/168] Building object file C:/Desktop/PSOC_Edge_AI/Demo/01_Basic/PSOC_Edge_Interrupt/proj_cm33_ns/build/Debug/libraries_shared/se-rt-services-utils/ifx_se_psacrypto.o
[151/168] Building object file C:/Desktop/PSOC_Edge_AI/Demo/01_Basic/PSOC_Edge_Interrupt/proj_cm33_ns/build/Debug/libraries_shared/se-rt-services-utils/ifx_se_syscall_builtin.o
[152/168] Building object file C:/Desktop/PSOC_Edge_AI/Demo/01_Basic/PSOC_Edge_Interrupt/proj_cm33_ns/build/Debug/libraries_shared/mtb-ipc/source/mtb_ipc.o
[153/168] Building object file C:/Desktop/PSOC_Edge_AI/Demo/01_Basic/PSOC_Edge_Interrupt/proj_cm33_ns/build/Debug/bsps/APP_KIT_PSE84_AI/COMPONENT_CM33/COMPONENT_NON_SECURE_DEVICE/ns_start_pse84.o
[154/168] Building object file C:/Desktop/PSOC_Edge_AI/Demo/01_Basic/PSOC_Edge_Interrupt/proj_cm33_ns/build/Debug/libraries_shared/mtb-dsl-pse8xxgp/pdl/drivers/third_party/ethernet/src/edd.o
[155/168] Building object file C:/Desktop/PSOC_Edge_AI/Demo/01_Basic/PSOC_Edge_Interrupt/proj_cm33_ns/build/Debug/bsps/APP_KIT_PSE84_AI/config/GeneratedSource/cycfg_peripheral_clocks.o
[156/168] Building object file C:/Desktop/PSOC_Edge_AI/Demo/01_Basic/PSOC_Edge_Interrupt/proj_cm33_ns/build/Debug/bsps/APP_KIT_PSE84_AI/config/GeneratedSource/cycfg_pins.o
[157/168] Building object file C:/Desktop/PSOC_Edge_AI/Demo/01_Basic/PSOC_Edge_Interrupt/proj_cm33_ns/build/Debug/bsps/APP_KIT_PSE84_AI/config/GeneratedSource/cycfg_routing.o
[158/168] Building object file C:/Desktop/PSOC_Edge_AI/Demo/01_Basic/PSOC_Edge_Interrupt/proj_cm33_ns/build/Debug/bsps/APP_KIT_PSE84_AI/config/GeneratedSource/cycfg_clocks.o
[159/168] Building object file C:/Desktop/PSOC_Edge_AI/Demo/01_Basic/PSOC_Edge_Interrupt/proj_cm33_ns/build/Debug/bsps/APP_KIT_PSE84_AI/config/GeneratedSource/cycfg_protection.o
[160/168] Building object file C:/Desktop/PSOC_Edge_AI/Demo/01_Basic/PSOC_Edge_Interrupt/proj_cm33_ns/build/Debug/bsps/APP_KIT_PSE84_AI/config/GeneratedSource/cycfg_qspi_memslot.o
[161/168] Building object file C:/Desktop/PSOC_Edge_AI/Demo/01_Basic/PSOC_Edge_Interrupt/proj_cm33_ns/build/Debug/bsps/APP_KIT_PSE84_AI/config/GeneratedSource/cycfg_system.o
[162/168] Building object file C:/Desktop/PSOC_Edge_AI/Demo/01_Basic/PSOC_Edge_Interrupt/proj_cm33_ns/build/Debug/bsps/APP_KIT_PSE84_AI/COMPONENT_CM33/COMPONENT_NON_SECURE_DEVICE/ns_system_pse84.o
[163/168] Building object file C:/Desktop/PSOC_Edge_AI/Demo/01_Basic/PSOC_Edge_Interrupt/proj_cm33_ns/build/Debug/bsps/APP_KIT_PSE84_AI/system_edge.o
[164/168] Building object file C:/Desktop/PSOC_Edge_AI/Demo/01_Basic/PSOC_Edge_Interrupt/proj_cm33_ns/build/Debug/bsps/APP_KIT_PSE84_AI/config/GeneratedSource/cycfg.o
[165/168] Building object file C:/Desktop/PSOC_Edge_AI/Demo/01_Basic/PSOC_Edge_Interrupt/proj_cm33_ns/build/Debug/bsps/APP_KIT_PSE84_AI/config/GeneratedSource/cycfg_dmas.o
[166/168] Building object file C:/Desktop/PSOC_Edge_AI/Demo/01_Basic/PSOC_Edge_Interrupt/proj_cm33_ns/build/Debug/bsps/APP_KIT_PSE84_AI/config/GeneratedSource/cycfg_peripherals.o
[167/168] Building object file C:/Desktop/PSOC_Edge_AI/Demo/01_Basic/PSOC_Edge_Interrupt/proj_cm33_ns/build/Debug/bsps/APP_KIT_PSE84_AI/cybsp.o
[168/168] Linking, creating elf file build/APP_KIT_PSE84_AI/Debug/proj_cm33_ns.elf
FAILED: build/APP_KIT_PSE84_AI/Debug/proj_cm33_ns.elf 
C:/Users/User/Infineon/Tools/mtb-gcc-arm-eabi/14.2.1/gcc/bin/arm-none-eabi-g++.exe -mcpu=cortex-m33 --specs=nano.specs -mfloat-abi=softfp -mfpu=fpv5-sp-d16 -mthumb -ffunction-sections -fdata-sections -ffat-lto-objects -g -Wall -pipe -Wl,--gc-sections -Xlinker -L ../bsps/TARGET_APP_KIT_PSE84_AI/COMPONENT_CM33/TOOLCHAIN_GCC_ARM -Xlinker -L ../bsps/TARGET_APP_KIT_PSE84_AI/config/GeneratedSource -T../bsps/TARGET_APP_KIT_PSE84_AI/COMPONENT_CM33/TOOLCHAIN_GCC_ARM/pse84_ns_cm33.ld -Wl,-Map,C:/Desktop/PSOC_Edge_AI/Demo/01_Basic/PSOC_Edge_Interrupt/proj_cm33_ns/build/APP_KIT_PSE84_AI/Debug/proj_cm33_ns.map -Wl,--start-group @build/APP_KIT_PSE84_AI/Debug/proj_cm33_ns.elf.rsp -Wl,--end-group -o build/APP_KIT_PSE84_AI/Debug/proj_cm33_ns.elf
C:/Users/User/Infineon/Tools/mtb-gcc-arm-eabi/14.2.1/gcc/bin/../lib/gcc/arm-none-eabi/14.2.1/../../../../arm-none-eabi/bin/ld.exe: cannot find ../proj_cm33_s/nsc_veneer.o: No such file or directory
make: *** [../../mtb_shared/core-make/release-v3.10.0/make/core/ninja.mk:252: C:/Desktop/PSOC_Edge_AI/Demo/01_Basic/PSOC_Edge_Interrupt/proj_cm33_ns/build/APP_KIT_PSE84_AI/Debug/proj_cm33_ns.elf] Error 1
collect2.exe: error: ld returned 1 exit status
ninja: build stopped: subcommand failed.
"C:/Users/User/ModusToolbox/tools_3.9/modus-shell/bin/make CY_MAKE_IDE=eclipse CY_IDE_TOOLS_DIR=C:/Users/User/ModusToolbox/tools_3.9 CY_IDE_BT_TOOLS_DIR= -j12 build_proj" terminated with exit code 2. Build might be incomplete.

16:21:48 Build Failed. 3 errors, 0 warnings. (took 8s.941ms)

