Loading the ModusToolbox Technology Packs and Early Access Packs
Finished loading the ModusToolbox Technology Packs and Early Access Packs (6 ms)
Loading the tools information
Finished loading the tools information (50 ms)
From ModusToolbox Tools version 3.9.0.0 installed at C:/Users/User/ModusToolbox/tools_3.9, using
 airoc-tools version 5.0.2.411
 bsp-assistant version 1.80.0.3440
 bt-configurator version 3.70.0.3782
 cymcuelftool version 1.0.1.157
 dashboard version 3.9.0.450
 device-configurator version 5.90.0.4326
 dfuh-tool version 2.130.0.4094
 ez-pd-configurator version 2.50.0.2707
 hardware-config-server version 1.9.0.2666
 lcs-manager-cli version 1.70.0.433
 library-manager version 2.80.0.5084
 make version 2.7.0.8263
 memoryreport version 1.1.0.499
 modus-shell version 1.5.1.160
 mtb-settings version 1.40.0.473
 mtbarchive version 1.9.0.5585
 mtbgetlibs version 1.9.0.5585
 mtbideexport version 1.6.0.499
 mtblaunch version 1.9.0.5585
 mtbninja version 1.9.0.5585
 mtbquery version 1.9.0.5585
 mtbsearch version 1.9.0.5585
 ninja version 1.12.1
 project-creator version 2.80.0.5978
 proxy-helper version 1.110.0.524
 qspi-configurator version 4.90.0.3032
 seglcd-configurator version 1.120.0.2577
 signcombinemkgen version 1.4.0.538
 smartio-configurator version 4.80.0.2100
 srecord version 1.64.1.45
 usbdev-configurator version 3.30.0.2648
From ModusToolbox Pack ModusToolbox Machine Learning Pack version 3.3.0.2864 installed at C:/Users/User/ModusToolbox/packs/ModusToolbox-Machine-Learning-Pack, using
 ml-configurator version 3.1.0.2967
 ml-coretools version 3.3.0.9784
From ModusToolbox Pack ModusToolbox CAPSENSE and Multi-Sense Pack version 1.5.0.730 installed at C:/Users/User/ModusToolbox/packs/ModusToolbox-Multi-Sense-Pack, using
 capsense-configurator version 11.0.0.13575
 sensor-designer-tool version 1.30.0.1418
From ModusToolbox Pack DEEPCRAFT™ Audio Enhancement Tech Pack version 1.3.0.233 installed at C:/Users/User/ModusToolbox/packs/DEEPCRAFT-Audio-Enhancement-Tech-Pack, using
 audio-fe-configurator version 1.80.0.3095
Loading the manifest data
Online Content mode has been enabled by default.
Loading super manifest files from all sources
Getting manifests from remote and/or local sources
Processing system manifest 'https://modustoolbox.infineon.com/manifests/mtb-super-manifest/v2.X/mtb-super-manifest-fv2.xml'
Downloading super manifest file 'https://modustoolbox.infineon.com/manifests/mtb-super-manifest/v2.X/mtb-super-manifest-fv2.xml'
Finished loading super manifest files from all sources
Finished download of file 'https://modustoolbox.infineon.com/manifests/mtb-super-manifest/v2.X/mtb-super-manifest-fv2.xml'
Starting to parse super manifest with URL 'https://modustoolbox.infineon.com/manifests/mtb-super-manifest/v2.X/mtb-super-manifest-fv2.xml'
Finished parsing super manifest with URL 'https://modustoolbox.infineon.com/manifests/mtb-super-manifest/v2.X/mtb-super-manifest-fv2.xml'
Downloading manifest file 'https://github.com/Infineon/mtb-sdk-list-manifest/raw/main/mtb-sdk-list-manifest.xml'
Downloading manifest file 'https://github.com/Infineon/mtb-ce-manifest/raw/v2.X/mtb-ce-manifest.xml'
Downloading manifest file 'https://github.com/Infineon/mtb-ce-manifest/raw/v2.X/mtb-ce-manifest-fv2.xml'
Downloading manifest file 'https://github.com/Infineon/mtb-t2g-ce-manifest/raw/main/mtb-ce-manifest-fv2.xml'
Downloading manifest file 'https://github.com/Infineon/mtb-bt-app-manifest/raw/v2.X/mtb-bt-app-manifest.xml'
Downloading manifest file 'https://github.com/Infineon/mtb-bt-app-manifest/raw/v2.X/mtb-bt-app-manifest-fv2.xml'
Downloading manifest file 'https://github.com/Infineon/cce-app-manifest/raw/v2.X/cce-app-manifest-fv2.xml'
Downloading manifest file 'https://github.com/Altia-Marketing/altia-ce-manifest/raw/main/altia-ce-manifest-fv2.xml'
Downloading manifest file 'https://github.com/avnet-iotconnect/avnet-iotc-mtb-ce-manifest/raw/main/avnet-iotc-mtb-ce-manifest-fv2.xml'
Downloading manifest file 'https://github.com/CyberonEBU/cyberon-mtb-ce-manifest/raw/main/cyberon-mtb-ce-manifest-fv2.xml'
Downloading manifest file 'https://github.com/golioth/mtb-golioth-ce-manifest/raw/main/mtb-golioth-ce-manifest-fv2.xml'
Downloading manifest file 'https://github.com/rtlabs-com/mtb-rtlabs-manifest/raw/main/mtb-ce-manifest-fv2-rtlabs.xml'
Downloading manifest file 'https://github.com/RutronikSystemSolutions/rutronik-ce-manifest/raw/main/rutronik-ce-manifest-fv2.xml'
Downloading manifest file 'https://github.com/Infineon/mtb-bsp-manifest/raw/v2.X/mtb-bsp-manifest.xml'
Downloading manifest file 'https://github.com/Infineon/mtb-bsp-manifest/raw/v2.X/mtb-bsp-capabilities-manifest.json'
Downloading manifest file 'https://github.com/Infineon/mtb-bsp-manifest/raw/v2.X/mtb-bsp-manifest-fv2.xml'
Downloading manifest file 'https://github.com/Infineon/mtb-bsp-manifest/raw/v2.X/mtb-bsp-dependencies-manifest.xml'
Downloading manifest file 'https://github.com/Infineon/mtb-bt-bsp-manifest/raw/v2.X/mtb-bt-bsp-manifest.xml'
Downloading manifest file 'https://github.com/Infineon/mtb-bt-bsp-manifest/raw/v2.X/mtb-bt-bsp-manifest-fv2.xml'
Downloading manifest file 'https://github.com/Infineon/mtb-bt-bsp-manifest/raw/v2.X/mtb-bt-bsp-dependencies-manifest.xml'
Downloading manifest file 'https://github.com/Inventek/inventek-bsp-manifest/raw/main/inventek-bsp-manifest-fv2.xml'
Downloading manifest file 'https://github.com/Inventek/inventek-bsp-manifest/raw/main/inventek-bsp-dependencies-manifest.xml'
Downloading manifest file 'https://github.com/RutronikSystemSolutions/rutronik-bsp-manifest/raw/main/rutronik-bsp-manifest-fv2.xml'
Downloading manifest file 'https://github.com/RutronikSystemSolutions/rutronik-bsp-manifest/raw/main/rutronik-bsp-dependencies-manifest.xml'
Downloading manifest file 'https://github.com/Infineon/mtb-mw-manifest/raw/v2.X/mtb-mw-manifest.xml'
Downloading manifest file 'https://github.com/Infineon/mtb-mw-manifest/raw/v2.X/mtb-mw-manifest-fv2.xml'
Downloading manifest file 'https://github.com/Infineon/mtb-mw-manifest/raw/v2.X/mtb-mw-dependencies-manifest.xml'
Downloading manifest file 'https://github.com/Infineon/mtb-t2g-mw-manifest/raw/main/mtb-t2g-mw-manifest-fv2.xml'
Downloading manifest file 'https://github.com/Infineon/mtb-t2g-mw-manifest/raw/main/mtb-t2g-mw-dependencies-manifest.xml'
Downloading manifest file 'https://github.com/Infineon/mtb-bt-mw-manifest/raw/v2.X/mtb-bt-mw-manifest.xml'
Downloading manifest file 'https://github.com/Infineon/mtb-bt-mw-manifest/raw/v2.X/mtb-bt-mw-manifest-fv2.xml'
Downloading manifest file 'https://github.com/Infineon/mtb-bt-mw-manifest/raw/v2.X/mtb-bt-mw-dependencies-manifest.xml'
Downloading manifest file 'https://github.com/Infineon/mtb-wifi-mw-manifest/raw/v2.X/mtb-wifi-mw-manifest.xml'
Downloading manifest file 'https://github.com/Infineon/mtb-wifi-mw-manifest/raw/v2.X/mtb-wifi-mw-manifest-fv2.xml'
Downloading manifest file 'https://github.com/Infineon/mtb-wifi-mw-manifest/raw/v2.X/mtb-wifi-mw-dependencies-manifest.xml'
Downloading manifest file 'https://github.com/avnet-iotconnect/avnet-iotc-mtb-mw-manifest/raw/main/avnet-iotc-mtb-mw-manifest-fv2.xml'
Downloading manifest file 'https://github.com/CyberonEBU/cyberon-mtb-mw-manifest/raw/main/cyberon-mtb-mw-manifest-fv2.xml'
Downloading manifest file 'https://github.com/golioth/mtb-golioth-mw-manifest/raw/main/mtb-golioth-mw-manifest-fv2.xml'
Downloading manifest file 'https://github.com/rtlabs-com/mtb-rtlabs-manifest/raw/main/rtlabs-mtb-mw-manifest-fw2-rtlabs.xml'
Finished download of file 'https://github.com/Infineon/mtb-sdk-list-manifest/raw/main/mtb-sdk-list-manifest.xml'
Starting to parse SDK list manifest with URL 'https://github.com/Infineon/mtb-sdk-list-manifest/raw/main/mtb-sdk-list-manifest.xml'
Finished parsing SDK list manifest with URL 'https://github.com/Infineon/mtb-sdk-list-manifest/raw/main/mtb-sdk-list-manifest.xml'
Downloading manifest file 'https://github.com/Infineon/mtb-sdk-20829-json/raw/main/mtb-sdk-manifest-20829b1.json'
Downloading manifest file 'https://github.com/Infineon/mtb-sdk-55513EVK-json/raw/main/mtb-sdk-manifest-55513.json'
Finished download of file 'https://github.com/Infineon/mtb-ce-manifest/raw/v2.X/mtb-ce-manifest.xml'
Finished download of file 'https://github.com/Infineon/mtb-ce-manifest/raw/v2.X/mtb-ce-manifest-fv2.xml'
Finished download of file 'https://github.com/Infineon/mtb-t2g-ce-manifest/raw/main/mtb-ce-manifest-fv2.xml'
Finished download of file 'https://github.com/Infineon/mtb-bt-app-manifest/raw/v2.X/mtb-bt-app-manifest.xml'
Finished download of file 'https://github.com/Infineon/mtb-bt-app-manifest/raw/v2.X/mtb-bt-app-manifest-fv2.xml'
Finished download of file 'https://github.com/Infineon/cce-app-manifest/raw/v2.X/cce-app-manifest-fv2.xml'
Finished download of file 'https://github.com/Altia-Marketing/altia-ce-manifest/raw/main/altia-ce-manifest-fv2.xml'
Finished download of file 'https://github.com/avnet-iotconnect/avnet-iotc-mtb-ce-manifest/raw/main/avnet-iotc-mtb-ce-manifest-fv2.xml'
Finished download of file 'https://github.com/CyberonEBU/cyberon-mtb-ce-manifest/raw/main/cyberon-mtb-ce-manifest-fv2.xml'
Finished download of file 'https://github.com/golioth/mtb-golioth-ce-manifest/raw/main/mtb-golioth-ce-manifest-fv2.xml'
Finished download of file 'https://github.com/rtlabs-com/mtb-rtlabs-manifest/raw/main/mtb-ce-manifest-fv2-rtlabs.xml'
Finished download of file 'https://github.com/RutronikSystemSolutions/rutronik-ce-manifest/raw/main/rutronik-ce-manifest-fv2.xml'
Finished download of file 'https://github.com/Infineon/mtb-bsp-manifest/raw/v2.X/mtb-bsp-manifest.xml'
Finished download of file 'https://github.com/Infineon/mtb-bsp-manifest/raw/v2.X/mtb-bsp-capabilities-manifest.json'
Finished download of file 'https://github.com/Infineon/mtb-bsp-manifest/raw/v2.X/mtb-bsp-manifest-fv2.xml'
Finished download of file 'https://github.com/Infineon/mtb-bsp-manifest/raw/v2.X/mtb-bsp-dependencies-manifest.xml'
Finished download of file 'https://github.com/Infineon/mtb-bt-bsp-manifest/raw/v2.X/mtb-bt-bsp-manifest.xml'
Finished download of file 'https://github.com/Infineon/mtb-bt-bsp-manifest/raw/v2.X/mtb-bt-bsp-manifest-fv2.xml'
Finished download of file 'https://github.com/Infineon/mtb-bt-bsp-manifest/raw/v2.X/mtb-bt-bsp-dependencies-manifest.xml'
Finished download of file 'https://github.com/Inventek/inventek-bsp-manifest/raw/main/inventek-bsp-manifest-fv2.xml'
Finished download of file 'https://github.com/Inventek/inventek-bsp-manifest/raw/main/inventek-bsp-dependencies-manifest.xml'
Finished download of file 'https://github.com/RutronikSystemSolutions/rutronik-bsp-manifest/raw/main/rutronik-bsp-manifest-fv2.xml'
Finished download of file 'https://github.com/RutronikSystemSolutions/rutronik-bsp-manifest/raw/main/rutronik-bsp-dependencies-manifest.xml'
Finished download of file 'https://github.com/Infineon/mtb-mw-manifest/raw/v2.X/mtb-mw-manifest.xml'
Finished download of file 'https://github.com/Infineon/mtb-mw-manifest/raw/v2.X/mtb-mw-manifest-fv2.xml'
Finished download of file 'https://github.com/Infineon/mtb-mw-manifest/raw/v2.X/mtb-mw-dependencies-manifest.xml'
Finished download of file 'https://github.com/Infineon/mtb-t2g-mw-manifest/raw/main/mtb-t2g-mw-manifest-fv2.xml'
Finished download of file 'https://github.com/Infineon/mtb-t2g-mw-manifest/raw/main/mtb-t2g-mw-dependencies-manifest.xml'
Finished download of file 'https://github.com/Infineon/mtb-bt-mw-manifest/raw/v2.X/mtb-bt-mw-manifest.xml'
Finished download of file 'https://github.com/Infineon/mtb-bt-mw-manifest/raw/v2.X/mtb-bt-mw-manifest-fv2.xml'
Finished download of file 'https://github.com/Infineon/mtb-bt-mw-manifest/raw/v2.X/mtb-bt-mw-dependencies-manifest.xml'
Finished download of file 'https://github.com/Infineon/mtb-wifi-mw-manifest/raw/v2.X/mtb-wifi-mw-manifest.xml'
Finished download of file 'https://github.com/Infineon/mtb-wifi-mw-manifest/raw/v2.X/mtb-wifi-mw-manifest-fv2.xml'
Finished download of file 'https://github.com/Infineon/mtb-wifi-mw-manifest/raw/v2.X/mtb-wifi-mw-dependencies-manifest.xml'
Finished download of file 'https://github.com/avnet-iotconnect/avnet-iotc-mtb-mw-manifest/raw/main/avnet-iotc-mtb-mw-manifest-fv2.xml'
Finished download of file 'https://github.com/CyberonEBU/cyberon-mtb-mw-manifest/raw/main/cyberon-mtb-mw-manifest-fv2.xml'
Finished download of file 'https://github.com/golioth/mtb-golioth-mw-manifest/raw/main/mtb-golioth-mw-manifest-fv2.xml'
Finished download of file 'https://github.com/rtlabs-com/mtb-rtlabs-manifest/raw/main/rtlabs-mtb-mw-manifest-fw2-rtlabs.xml'
Finished download of file 'https://github.com/Infineon/mtb-sdk-20829-json/raw/main/mtb-sdk-manifest-20829b1.json'
Starting to parse SDK manifest with URL 'https://github.com/Infineon/mtb-sdk-20829-json/raw/main/mtb-sdk-manifest-20829b1.json'
Finished parsing SDK manifest with URL 'https://github.com/Infineon/mtb-sdk-20829-json/raw/main/mtb-sdk-manifest-20829b1.json'
Finished download of file 'https://github.com/Infineon/mtb-sdk-55513EVK-json/raw/main/mtb-sdk-manifest-55513.json'
Starting to parse SDK manifest with URL 'https://github.com/Infineon/mtb-sdk-55513EVK-json/raw/main/mtb-sdk-manifest-55513.json'
Finished parsing SDK manifest with URL 'https://github.com/Infineon/mtb-sdk-55513EVK-json/raw/main/mtb-sdk-manifest-55513.json'
Finished loading the manifest data (2862 ms)
No SDK-based filtering is applied to the manifest database contents.
For dependency records within the same domain, with the same depender ID, version, and dependee ID, the dependee with the highest version takes precedence. Discarded record(s): "ml-middleware(release-v2.0.1) depends on ml-tflite-micro(release-v2.0.0)[SYSTEM]". Retained record: "ml-middleware(release-v2.0.1) depends on ml-tflite-micro(release-v2.0.1)[SYSTEM]".

0 error(s), 0 warning(s)

Summary: 

BSP: KIT_PSE84_AI
Template Application(s): PSOC Edge Hello World
Application(s) Root Path: C:/Desktop/PSOC_Edge_AI/Demo/01_Basic

Press "Create" to create the selected application(s).

Collecting application data...

Info: The following entered on the command line will create the exact same project as that created with the GUI tool:
C:/Users/User/ModusToolbox/tools_3.9/project-creator/project-creator-cli.exe --board-id KIT_PSE84_AI --board-uri https://github.com/Infineon/TARGET_KIT_PSE84_AI --board-commit latest-v1.X --app-id mtb-example-psoc-edge-hello-world --app-uri https://github.com/Infineon/mtb-example-psoc-edge-hello-world --app-commit latest-v2.X --target-dir C:/Desktop/PSOC_Edge_AI/Demo/01_Basic --user-app-name PSOC_Edge_Interrupt --use-modus-shell
Starting application creation for 'C:/Desktop/PSOC_Edge_AI/Demo/01_Basic/PSOC_Edge_Interrupt'.
Acquiring the application source 'https://github.com/Infineon/mtb-example-psoc-edge-hello-world'.
Git#0>Cloning into 'PSOC_Edge_Interrupt'...
Git#0>remote: Enumerating objects: 14, done.        
Git#0>remote: Counting objects:   7% (1/14)        
Git#0>remote: Counting objects:  14% (2/14)        
Git#0>remote: Counting objects:  21% (3/14)        
Git#0>remote: Counting objects:  28% (4/14)        
Git#0>remote: Counting objects:  35% (5/14)        
Git#0>remote: Counting objects:  42% (6/14)        
Git#0>remote: Counting objects:  50% (7/14)        
Git#0>remote: Counting objects:  57% (8/14)        
Git#0>remote: Counting objects:  64% (9/14)        
Git#0>remote: Counting objects:  71% (10/14)        
Git#0>remote: Counting objects:  78% (11/14)        
Git#0>remote: Counting objects:  85% (12/14)        
Git#0>remote: Counting objects:  92% (13/14)        
Git#0>remote: Counting objects: 100% (14/14)        
Git#0>remote: Counting objects: 100% (14/14), done.        
Git#0>remote: Compressing objects:   7% (1/13)        
Git#0>remote: Compressing objects:  15% (2/13)        
Git#0>remote: Compressing objects:  23% (3/13)        
Git#0>remote: Compressing objects:  30% (4/13)        
Git#0>remote: Compressing objects:  38% (5/13)        
Git#0>remote: Compressing objects:  46% (6/13)        
Git#0>remote: Compressing objects:  53% (7/13)        
Git#0>remote: Compressing objects:  61% (8/13)        
Git#0>remote: Compressing objects:  69% (9/13)        
Git#0>remote: Compressing objects:  76% (10/13)        
Git#0>remote: Compressing objects:  84% (11/13)        
Git#0>remote: Compressing objects:  92% (12/13)        
Git#0>remote: Compressing objects: 100% (13/13)        
Git#0>remote: Compressing objects: 100% (13/13), done.        
Git#0>remote: Total 14 (delta 1), reused 13 (delta 0), pack-reused 0 (from 0)        
Git#0>Receiving objects:   7% (1/14)
Git#0>Receiving objects:  14% (2/14)
Git#0>Receiving objects:  21% (3/14)
Git#0>Receiving objects:  28% (4/14)
Git#0>Receiving objects:  35% (5/14)
Git#0>Receiving objects:  42% (6/14)
Git#0>Receiving objects:  50% (7/14)
Git#0>Receiving objects:  57% (8/14)
Git#0>Receiving objects:  64% (9/14)
Git#0>Receiving objects:  71% (10/14)
Git#0>Receiving objects:  78% (11/14)
Git#0>Receiving objects:  85% (12/14)
Git#0>Receiving objects:  92% (13/14)
Git#0>Receiving objects: 100% (14/14)
Git#0>Receiving objects: 100% (14/14), done.
Git#0>Resolving deltas:   0% (0/1)
Git#0>Resolving deltas: 100% (1/1)
Git#0>Resolving deltas: 100% (1/1), done.
Git#1>Updating files: 100% (22/22)
Git#1>Updating files: 100% (22/22), done.
Git#1>HEAD is now at a4a17e2 Upload mtb-example-psoc-edge-hello-world [5097]
Acquired application source successfully.
Loading the application.
Loaded the application successfully.
Processing project 'proj_cm33_ns'.
Starting to commit changes to the filesystem and project 'proj_cm33_ns'.
Writing mtb file for asset 'KIT_PSE84_AI' to the folder 'C:/Desktop/PSOC_Edge_AI/Demo/01_Basic/PSOC_Edge_Interrupt/proj_cm33_ns/deps'.
Writing mtb file for asset 'mtb-ipc' to the folder 'C:/Desktop/PSOC_Edge_AI/Demo/01_Basic/PSOC_Edge_Interrupt/proj_cm33_ns/libs'.
Writing mtb file for asset 'se-rt-services-utils' to the folder 'C:/Desktop/PSOC_Edge_AI/Demo/01_Basic/PSOC_Edge_Interrupt/proj_cm33_ns/libs'.
Writing mtb file for asset 'core-lib' to the folder 'C:/Desktop/PSOC_Edge_AI/Demo/01_Basic/PSOC_Edge_Interrupt/proj_cm33_ns/libs'.
Writing mtb file for asset 'bt-fw-mur-cyw55513' to the folder 'C:/Desktop/PSOC_Edge_AI/Demo/01_Basic/PSOC_Edge_Interrupt/proj_cm33_ns/libs'.
Writing mtb file for asset 'core-make' to the folder 'C:/Desktop/PSOC_Edge_AI/Demo/01_Basic/PSOC_Edge_Interrupt/proj_cm33_ns/libs'.
Writing mtb file for asset 'mtb-dsl-pse8xxgp' to the folder 'C:/Desktop/PSOC_Edge_AI/Demo/01_Basic/PSOC_Edge_Interrupt/proj_cm33_ns/libs'.
Writing mtb file for asset 'mtb-srf' to the folder 'C:/Desktop/PSOC_Edge_AI/Demo/01_Basic/PSOC_Edge_Interrupt/proj_cm33_ns/libs'.
Writing mtb file for asset 'device-db' to the folder 'C:/Desktop/PSOC_Edge_AI/Demo/01_Basic/PSOC_Edge_Interrupt/proj_cm33_ns/libs'.
Writing mtb file for asset 'async-transfer' to the folder 'C:/Desktop/PSOC_Edge_AI/Demo/01_Basic/PSOC_Edge_Interrupt/proj_cm33_ns/libs'.
Writing mtb file for asset 'cmsis' to the folder 'C:/Desktop/PSOC_Edge_AI/Demo/01_Basic/PSOC_Edge_Interrupt/proj_cm33_ns/libs'.
Writing mtb file for asset 'retarget-io' to the folder 'C:/Desktop/PSOC_Edge_AI/Demo/01_Basic/PSOC_Edge_Interrupt/proj_cm33_ns/deps'.
Git#2>Starting: git -C C:/Desktop/PSOC_Edge_AI/Demo/01_Basic/PSOC_Edge_Interrupt/proj_cm33_ns/libs clone --progress --origin cypress --no-checkout --filter=blob:none https://github.com/Infineon/TARGET_KIT_PSE84_AI TARGET_KIT_PSE84_AI
Git#3>Starting: git -C C:/Desktop/PSOC_Edge_AI/Demo/01_Basic/mtb_shared/retarget-io/release-v1.10.0 -c advice.detachedHead=false checkout --progress release-v1.10.0
Git#4>Starting: git -C C:/Desktop/PSOC_Edge_AI/Demo/01_Basic/mtb_shared/mtb-ipc/release-v1.2.0 -c advice.detachedHead=false checkout --progress release-v1.2.0
Git#5>Starting: git -C C:/Desktop/PSOC_Edge_AI/Demo/01_Basic/mtb_shared/se-rt-services-utils/release-v1.4.0 -c advice.detachedHead=false checkout --progress release-v1.4.0
Git#2>Cloning into 'TARGET_KIT_PSE84_AI'...
Git#4>HEAD is now at 760f477 Upload mtb-ipc [4394]
Git#4>Success: git -C C:/Desktop/PSOC_Edge_AI/Demo/01_Basic/mtb_shared/mtb-ipc/release-v1.2.0 -c advice.detachedHead=false checkout --progress release-v1.2.0
Git#6>Starting: git -C C:/Desktop/PSOC_Edge_AI/Demo/01_Basic/mtb_shared/core-lib/release-v1.8.0 -c advice.detachedHead=false checkout --progress release-v1.8.0
Git#5>HEAD is now at b9cb6c8 Upload se-rt-services-utils 1.4.0.1521 [5025]
Git#5>Success: git -C C:/Desktop/PSOC_Edge_AI/Demo/01_Basic/mtb_shared/se-rt-services-utils/release-v1.4.0 -c advice.detachedHead=false checkout --progress release-v1.4.0
Git#7>Starting: git -C C:/Desktop/PSOC_Edge_AI/Demo/01_Basic/mtb_shared/bt-fw-mur-cyw55513/release-v1.0.0 -c advice.detachedHead=false checkout --progress release-v1.0.0
Git#7>HEAD is now at 8823323 Upload bt-fw-mur-cyw55513 1.0.0.8 [3998]
Git#7>Success: git -C C:/Desktop/PSOC_Edge_AI/Demo/01_Basic/mtb_shared/bt-fw-mur-cyw55513/release-v1.0.0 -c advice.detachedHead=false checkout --progress release-v1.0.0
Git#8>Starting: git -C C:/Desktop/PSOC_Edge_AI/Demo/01_Basic/mtb_shared/core-make/release-v3.10.0 -c advice.detachedHead=false checkout --progress release-v3.10.0
Git#3>HEAD is now at 83bbf77 Upload retarget-io [5210]
Git#3>Success: git -C C:/Desktop/PSOC_Edge_AI/Demo/01_Basic/mtb_shared/retarget-io/release-v1.10.0 -c advice.detachedHead=false checkout --progress release-v1.10.0
Git#9>Starting: git -C C:/Desktop/PSOC_Edge_AI/Demo/01_Basic/mtb_shared/mtb-dsl-pse8xxgp/release-v1.7.0 -c advice.detachedHead=false checkout --progress release-v1.7.0
Git#8>HEAD is now at aefe7ff Upload core-make [5352]
Git#8>Success: git -C C:/Desktop/PSOC_Edge_AI/Demo/01_Basic/mtb_shared/core-make/release-v3.10.0 -c advice.detachedHead=false checkout --progress release-v3.10.0
Git#10>Starting: git -C C:/Desktop/PSOC_Edge_AI/Demo/01_Basic/mtb_shared/mtb-srf/release-v1.2.1 -c advice.detachedHead=false checkout --progress release-v1.2.1
Git#2>remote: Enumerating objects: 64, done.        
Git#2>remote: Counting objects:   1% (1/64)        
Git#2>remote: Counting objects:   3% (2/64)        
Git#2>remote: Counting objects:   4% (3/64)        
Git#2>remote: Counting objects:   6% (4/64)        
Git#2>remote: Counting objects:   7% (5/64)        
Git#2>remote: Counting objects:   9% (6/64)        
Git#2>remote: Counting objects:  10% (7/64)        
Git#2>remote: Counting objects:  12% (8/64)        
Git#2>remote: Counting objects:  14% (9/64)        
Git#2>remote: Counting objects:  15% (10/64)        
Git#2>remote: Counting objects:  17% (11/64)        
Git#2>remote: Counting objects:  18% (12/64)        
Git#2>remote: Counting objects:  20% (13/64)        
Git#2>remote: Counting objects:  21% (14/64)        
Git#2>remote: Counting objects:  23% (15/64)        
Git#2>remote: Counting objects:  25% (16/64)        
Git#2>remote: Counting objects:  26% (17/64)        
Git#2>remote: Counting objects:  28% (18/64)        
Git#2>remote: Counting objects:  29% (19/64)        
Git#2>remote: Counting objects:  31% (20/64)        
Git#2>remote: Counting objects:  32% (21/64)        
Git#2>remote: Counting objects:  34% (22/64)        
Git#2>remote: Counting objects:  35% (23/64)        
Git#2>remote: Counting objects:  37% (24/64)        
Git#2>remote: Counting objects:  39% (25/64)        
Git#2>remote: Counting objects:  40% (26/64)        
Git#2>remote: Counting objects:  42% (27/64)        
Git#2>remote: Counting objects:  43% (28/64)        
Git#2>remote: Counting objects:  45% (29/64)        
Git#2>remote: Counting objects:  46% (30/64)        
Git#2>remote: Counting objects:  48% (31/64)        
Git#2>remote: Counting objects:  50% (32/64)        
Git#2>remote: Counting objects:  51% (33/64)        
Git#2>remote: Counting objects:  53% (34/64)        
Git#2>remote: Counting objects:  54% (35/64)        
Git#2>remote: Counting objects:  56% (36/64)        
Git#2>remote: Counting objects:  57% (37/64)        
Git#2>remote: Counting objects:  59% (38/64)        
Git#2>remote: Counting objects:  60% (39/64)        
Git#2>remote: Counting objects:  62% (40/64)        
Git#2>remote: Counting objects:  64% (41/64)        
Git#2>remote: Counting objects:  65% (42/64)        
Git#2>remote: Counting objects:  67% (43/64)        
Git#2>remote: Counting objects:  68% (44/64)        
Git#2>remote: Counting objects:  70% (45/64)        
Git#2>remote: Counting objects:  71% (46/64)        
Git#2>remote: Counting objects:  73% (47/64)        
Git#2>remote: Counting objects:  75% (48/64)        
Git#2>remote: Counting objects:  76% (49/64)        
Git#2>remote: Counting objects:  78% (50/64)        
Git#2>remote: Counting objects:  79% (51/64)        
Git#2>remote: Counting objects:  81% (52/64)        
Git#2>remote: Counting objects:  82% (53/64)        
Git#2>remote: Counting objects:  84% (54/64)        
Git#2>remote: Counting objects:  85% (55/64)        
Git#2>remote: Counting objects:  87% (56/64)        
Git#2>remote: Counting objects:  89% (57/64)        
Git#2>remote: Counting objects:  90% (58/64)        
Git#2>remote: Counting objects:  92% (59/64)        
Git#2>remote: Counting objects:  93% (60/64)        
Git#2>remote: Counting objects:  95% (61/64)        
Git#2>remote: Counting objects:  96% (62/64)        
Git#2>remote: Counting objects:  98% (63/64)        
Git#2>remote: Counting objects: 100% (64/64)        
Git#2>remote: Counting objects: 100% (64/64), done.        
Git#2>remote: Compressing objects:   2% (1/40)        
Git#2>remote: Compressing objects:   5% (2/40)        
Git#2>remote: Compressing objects:   7% (3/40)        
Git#2>remote: Compressing objects:  10% (4/40)        
Git#2>remote: Compressing objects:  12% (5/40)        
Git#2>remote: Compressing objects:  15% (6/40)        
Git#2>remote: Compressing objects:  17% (7/40)        
Git#2>remote: Compressing objects:  20% (8/40)        
Git#2>remote: Compressing objects:  22% (9/40)        
Git#2>remote: Compressing objects:  25% (10/40)        
Git#2>remote: Compressing objects:  27% (11/40)        
Git#2>remote: Compressing objects:  30% (12/40)        
Git#2>remote: Compressing objects:  32% (13/40)        
Git#2>remote: Compressing objects:  35% (14/40)        
Git#2>remote: Compressing objects:  37% (15/40)        
Git#2>remote: Compressing objects:  40% (16/40)        
Git#2>remote: Compressing objects:  42% (17/40)        
Git#2>remote: Compressing objects:  45% (18/40)        
Git#2>remote: Compressing objects:  47% (19/40)        
Git#2>remote: Compressing objects:  50% (20/40)        
Git#2>remote: Compressing objects:  52% (21/40)        
Git#2>remote: Compressing objects:  55% (22/40)        
Git#2>remote: Compressing objects:  57% (23/40)        
Git#2>remote: Compressing objects:  60% (24/40)        
Git#2>remote: Compressing objects:  62% (25/40)        
Git#2>remote: Compressing objects:  65% (26/40)        
Git#2>remote: Compressing objects:  67% (27/40)        
Git#2>remote: Compressing objects:  70% (28/40)        
Git#2>remote: Compressing objects:  72% (29/40)        
Git#2>remote: Compressing objects:  75% (30/40)        
Git#2>remote: Compressing objects:  77% (31/40)        
Git#2>remote: Compressing objects:  80% (32/40)        
Git#2>remote: Compressing objects:  82% (33/40)        
Git#2>remote: Compressing objects:  85% (34/40)        
Git#2>remote: Compressing objects:  87% (35/40)        
Git#2>remote: Compressing objects:  90% (36/40)        
Git#2>remote: Compressing objects:  92% (37/40)        
Git#2>remote: Compressing objects:  95% (38/40)        
Git#2>remote: Compressing objects:  97% (39/40)        
Git#2>remote: Compressing objects: 100% (40/40)        
Git#2>remote: Compressing objects: 100% (40/40), done.        
Git#2>remote: Total 64 (delta 24), reused 55 (delta 15), pack-reused 0 (from 0)        
Git#2>Receiving objects:   1% (1/64)
Git#2>Receiving objects:   3% (2/64)
Git#2>Receiving objects:   4% (3/64)
Git#2>Receiving objects:   6% (4/64)
Git#2>Receiving objects:   7% (5/64)
Git#2>Receiving objects:   9% (6/64)
Git#2>Receiving objects:  10% (7/64)
Git#2>Receiving objects:  12% (8/64)
Git#2>Receiving objects:  14% (9/64)
Git#2>Receiving objects:  15% (10/64)
Git#2>Receiving objects:  17% (11/64)
Git#2>Receiving objects:  18% (12/64)
Git#2>Receiving objects:  20% (13/64)
Git#2>Receiving objects:  21% (14/64)
Git#2>Receiving objects:  23% (15/64)
Git#2>Receiving objects:  25% (16/64)
Git#2>Receiving objects:  26% (17/64)
Git#2>Receiving objects:  28% (18/64)
Git#2>Receiving objects:  29% (19/64)
Git#2>Receiving objects:  31% (20/64)
Git#2>Receiving objects:  32% (21/64)
Git#2>Receiving objects:  34% (22/64)
Git#2>Receiving objects:  35% (23/64)
Git#2>Receiving objects:  37% (24/64)
Git#2>Receiving objects:  39% (25/64)
Git#2>Receiving objects:  40% (26/64)
Git#2>Receiving objects:  42% (27/64)
Git#2>Receiving objects:  43% (28/64)
Git#2>Receiving objects:  45% (29/64)
Git#2>Receiving objects:  46% (30/64)
Git#2>Receiving objects:  48% (31/64)
Git#2>Receiving objects:  50% (32/64)
Git#2>Receiving objects:  51% (33/64)
Git#2>Receiving objects:  53% (34/64)
Git#2>Receiving objects:  54% (35/64)
Git#2>Receiving objects:  56% (36/64)
Git#2>Receiving objects:  57% (37/64)
Git#2>Receiving objects:  59% (38/64)
Git#2>Receiving objects:  60% (39/64)
Git#2>Receiving objects:  62% (40/64)
Git#2>Receiving objects:  64% (41/64)
Git#2>Receiving objects:  65% (42/64)
Git#2>Receiving objects:  67% (43/64)
Git#2>Receiving objects:  68% (44/64)
Git#2>Receiving objects:  70% (45/64)
Git#2>Receiving objects:  71% (46/64)
Git#2>Receiving objects:  73% (47/64)
Git#2>Receiving objects:  75% (48/64)
Git#2>Receiving objects:  76% (49/64)
Git#2>Receiving objects:  78% (50/64)
Git#2>Receiving objects:  79% (51/64)
Git#2>Receiving objects:  81% (52/64)
Git#2>Receiving objects:  82% (53/64)
Git#2>Receiving objects:  84% (54/64)
Git#2>Receiving objects:  85% (55/64)
Git#2>Receiving objects:  87% (56/64)
Git#2>Receiving objects:  89% (57/64)
Git#2>Receiving objects:  90% (58/64)
Git#2>Receiving objects:  92% (59/64)
Git#2>Receiving objects:  93% (60/64)
Git#2>Receiving objects:  95% (61/64)
Git#2>Receiving objects:  96% (62/64)
Git#2>Receiving objects:  98% (63/64)
Git#2>Receiving objects: 100% (64/64)
Git#2>Receiving objects: 100% (64/64), 21.89 KiB | 4.38 MiB/s, done.
Git#2>Resolving deltas:   0% (0/24)
Git#2>Resolving deltas:   4% (1/24)
Git#2>Resolving deltas:   8% (2/24)
Git#2>Resolving deltas:  12% (3/24)
Git#2>Resolving deltas:  16% (4/24)
Git#2>Resolving deltas:  20% (5/24)
Git#2>Resolving deltas:  25% (6/24)
Git#2>Resolving deltas:  29% (7/24)
Git#2>Resolving deltas:  33% (8/24)
Git#2>Resolving deltas:  37% (9/24)
Git#2>Resolving deltas:  41% (10/24)
Git#2>Resolving deltas:  45% (11/24)
Resolving deltas
Git#2>:  50% (12/24)
Git#2>Resolving deltas:  54% (13/24)
Resolving deltas
Git#2>:  58% (14/24)
Git#2>Resolving deltas:  62% (15/24)
Git#2>Resolving deltas:  66% (16/24)
Git#2>Resolving deltas:  70% (17/24)
Git#2>Resolving deltas:  75% (18/24)
Git#2>Resolving deltas:  79% (19/24)
Git#2>Resolving deltas:  83% (20/24)
Git#2>Resolving deltas:  87% (21/24)
Git#2>Resolving deltas:  91% (22/24)
Git#2>Resolving deltas:  95% (23/24)
Git#2>Resolving deltas: 100% (24/24)
Git#10>HEAD is now at 7998f67 Upload mtb-srf [5279]
Git#10>Success: git -C C:/Desktop/PSOC_Edge_AI/Demo/01_Basic/mtb_shared/mtb-srf/release-v1.2.1 -c advice.detachedHead=false checkout --progress release-v1.2.1
Git#11>Starting: git -C C:/Users/User/.modustoolbox/global/device-db/release-v4.41.0 -c advice.detachedHead=false checkout --progress release-v4.41.0
Git#2>Resolving deltas: 100% (24/24), done.
Git#6>HEAD is now at ca57d1e Upload core-lib [5210]
Git#6>Success: git -C C:/Desktop/PSOC_Edge_AI/Demo/01_Basic/mtb_shared/core-lib/release-v1.8.0 -c advice.detachedHead=false checkout --progress release-v1.8.0
Git#12>Starting: git -C C:/Desktop/PSOC_Edge_AI/Demo/01_Basic/mtb_shared/async-transfer/release-v1.1.1 -c advice.detachedHead=false checkout --progress release-v1.1.1
Git#2>Success: git -C C:/Desktop/PSOC_Edge_AI/Demo/01_Basic/PSOC_Edge_Interrupt/proj_cm33_ns/libs clone --progress --origin cypress --no-checkout --filter=blob:none https://github.com/Infineon/TARGET_KIT_PSE84_AI TARGET_KIT_PSE84_AI
Git#13>Starting: git -C C:/Desktop/PSOC_Edge_AI/Demo/01_Basic/mtb_shared/cmsis/release-v6.1.0 -c advice.detachedHead=false checkout --progress release-v6.1.0
Git#12>HEAD is now at 17b6f63 Upload async-transfer [5210]
Git#12>Success: git -C C:/Desktop/PSOC_Edge_AI/Demo/01_Basic/mtb_shared/async-transfer/release-v1.1.1 -c advice.detachedHead=false checkout --progress release-v1.1.1
Git#14>Starting: git -C C:/Desktop/PSOC_Edge_AI/Demo/01_Basic/PSOC_Edge_Interrupt/proj_cm33_ns/libs/TARGET_KIT_PSE84_AI -c advice.detachedHead=false checkout --progress release-v1.4.0
Git#14>Updating files:   0% (2/255)
Git#14>Updating files:   1% (3/255)
Git#14>Updating files:   2% (6/255)
Git#14>Updating files:   3% (8/255)
Git#14>Updating files:   4% (11/255)
Git#14>Updating files:   5% (13/255)
Git#14>Updating files:   6% (16/255)
Git#14>Updating files:   7% (18/255)
Git#14>Updating files:   8% (21/255)
Git#14>Updating files:   9% (23/255)
Git#14>Updating files:  10% (26/255)
Git#14>Updating files:  11% (29/255)
Git#14>Updating files:  12% (31/255)
Git#14>Updating files:  13% (34/255)
Git#14>Updating files:  14% (36/255)
Git#14>Updating files:  15% (39/255)
Git#14>Updating files:  16% (41/255)
Git#14>Updating files:  17% (44/255)
Git#14>Updating files:  18% (46/255)
Git#14>Updating files:  19% (49/255)
Git#14>Updating files:  20% (51/255)
Git#14>Updating files:  21% (54/255)
Git#14>Updating files:  22% (57/255)
Git#14>Updating files:  23% (59/255)
Git#14>Updating files:  23% (61/255)
Git#14>Updating files:  24% (62/255)
Git#14>Updating files:  25% (64/255)
Git#14>Updating files:  26% (67/255)
Git#14>Updating files:  27% (69/255)
Git#14>Updating files:  28% (72/255)
Git#14>Updating files:  29% (74/255)
Git#14>Updating files:  30% (77/255)
Git#14>Updating files:  31% (80/255)
Updating files
Git#14>:  31% (81/255)
Git#14>Updating files:  32% (82/255)
Updating files: 
Git#14> 33% (85/255)
Git#14>Updating files:  34% (87/255)
Git#14>Updating files:  35% (90/255)
Git#14>Updating files:  36% (92/255)
Git#14>Updating files:  37% (95/255)
Git#14>Updating files:  38% (97/255)
Git#14>Updating files:  39% (100/255)
Git#14>Updating files:  40% (102/255)
Git#14>Updating files:  41% (105/255)
Updating files:  42% (108/255)
Git#14>
Git#14>Updating files:  43% (110/255)
Git#14>Updating files:  44% (113/255)
Git#14>Updating files:  45% (115/255)
Git#14>Updating files:  46% (118/255)
Git#14>Updating files:  47% (120/255)
Git#14>Updating files:  48% (123/255)
Git#14>Updating files:  49% (125/255)
Git#14>Updating files:  50% (128/255)
Git#11>HEAD is now at d81a6a64 Upload device-db 4.41.0.11271 [5423]
Git#11>Success: git -C C:/Users/User/.modustoolbox/global/device-db/release-v4.41.0 -c advice.detachedHead=false checkout --progress release-v4.41.0
Git#14>Updating files:  51% (131/255)
Git#14>Updating files:  52% (133/255)
Git#14>Updating files:  53% (136/255)
Git#14>Updating files:  54% (138/255)
Git#14>Updating files:  55% (141/255)
Git#14>Updating files:  56% (143/255)
Git#14>Updating files:  57% (146/255)
Git#14>Updating files:  58% (148/255)
Git#14>Updating files:  59% (151/255)
Git#14>Updating files:  60% (153/255)
Git#14>Updating files:  61% (156/255)
Git#14>Updating files:  62% (159/255)
Git#14>Updating files:  63% (161/255)
Git#14>Updating files:  64% (164/255)
Git#14>Updating files:  65% (166/255)
Git#14>Updating files:  66% (169/255)
Git#14>Updating files:  67% (171/255)
Git#14>Updating files:  68% (174/255)
Git#14>Updating files:  69% (176/255)
Git#14>Updating files:  70% (179/255)
Git#14>Updating files:  71% (182/255)
Git#14>Updating files:  72% (184/255)
Git#14>Updating files:  73% (187/255)
Git#14>Updating files:  74% (189/255)
Git#14>Updating files:  75% (192/255)
Git#14>Updating files:  76% (194/255)
Git#14>Updating files:  77% (197/255)
Git#14>Updating files:  78% (199/255)
Git#14>Updating files:  79% (202/255)
Git#14>Updating files:  80% (204/255)
Git#14>Updating files:  81% (207/255)
Git#14>Updating files:  82% (210/255)
Git#14>Updating files:  83% (212/255)
Git#14>Updating files:  84% (215/255)
Git#14>Updating files:  85% (217/255)
Git#14>Updating files:  86% (220/255)
Git#14>Updating files:  87% (222/255)
Git#14>Updating files:  88% (225/255)
Git#14>Updating files:  89% (227/255)
Git#14>Updating files:  89% (228/255)
Git#14>Updating files:  90% (230/255)
Git#14>Updating files:  91% (233/255)
Git#14>Updating files:  92% (235/255)
Git#13>HEAD is now at d00730d Upload cmsis 6.1.0.171 [3998]
Git#13>Success: git -C C:/Desktop/PSOC_Edge_AI/Demo/01_Basic/mtb_shared/cmsis/release-v6.1.0 -c advice.detachedHead=false checkout --progress release-v6.1.0
Git#14>Updating files:  93% (238/255)
Git#14>Updating files:  94% (240/255)
Git#14>Updating files:  95% (243/255)
Git#14>Updating files:  96% (245/255)
Git#14>Updating files:  97% (248/255)
Git#14>Updating files:  98% (250/255)
Git#14>Updating files:  99% (253/255)
Git#14>Updating files: 100% (255/255)
Git#14>Updating files: 100% (255/255), done.
Git#14>HEAD is now at 4894dd6 Upload TARGET_KIT_PSE84_AI [5230]
Git#14>Success: git -C C:/Desktop/PSOC_Edge_AI/Demo/01_Basic/PSOC_Edge_Interrupt/proj_cm33_ns/libs/TARGET_KIT_PSE84_AI -c advice.detachedHead=false checkout --progress release-v1.4.0
Git#9>HEAD is now at 5813532 Upload mtb-dsl-pse8xxgp 1.7.0.1401 [5446]
Git#9>Success: git -C C:/Desktop/PSOC_Edge_AI/Demo/01_Basic/mtb_shared/mtb-dsl-pse8xxgp/release-v1.7.0 -c advice.detachedHead=false checkout --progress release-v1.7.0
Requested to change the active target to 'APP_KIT_PSE84_AI'.
Removed the file 'C:/Desktop/PSOC_Edge_AI/Demo/01_Basic/PSOC_Edge_Interrupt/proj_cm33_ns/deps/TARGET_KIT_PSE84_AI.mtb'.
Writing the file 'C:/Desktop/PSOC_Edge_AI/Demo/01_Basic/PSOC_Edge_Interrupt/proj_cm33_ns/libs/app.mk'.
Successfully committed changes to the project 'proj_cm33_ns'.
Project "proj_cm33_ns" created successfully.
Processing project 'proj_cm33_s'.
Starting to commit changes to the filesystem and project 'proj_cm33_s'.
Writing mtb file for asset 'KIT_PSE84_AI' to the folder 'C:/Desktop/PSOC_Edge_AI/Demo/01_Basic/PSOC_Edge_Interrupt/proj_cm33_s/deps'.
Writing mtb file for asset 'mtb-ipc' to the folder 'C:/Desktop/PSOC_Edge_AI/Demo/01_Basic/PSOC_Edge_Interrupt/proj_cm33_s/libs'.
Writing mtb file for asset 'se-rt-services-utils' to the folder 'C:/Desktop/PSOC_Edge_AI/Demo/01_Basic/PSOC_Edge_Interrupt/proj_cm33_s/libs'.
Writing mtb file for asset 'core-lib' to the folder 'C:/Desktop/PSOC_Edge_AI/Demo/01_Basic/PSOC_Edge_Interrupt/proj_cm33_s/libs'.
Writing mtb file for asset 'bt-fw-mur-cyw55513' to the folder 'C:/Desktop/PSOC_Edge_AI/Demo/01_Basic/PSOC_Edge_Interrupt/proj_cm33_s/libs'.
Writing mtb file for asset 'core-make' to the folder 'C:/Desktop/PSOC_Edge_AI/Demo/01_Basic/PSOC_Edge_Interrupt/proj_cm33_s/libs'.
Writing mtb file for asset 'mtb-dsl-pse8xxgp' to the folder 'C:/Desktop/PSOC_Edge_AI/Demo/01_Basic/PSOC_Edge_Interrupt/proj_cm33_s/libs'.
Writing mtb file for asset 'mtb-srf' to the folder 'C:/Desktop/PSOC_Edge_AI/Demo/01_Basic/PSOC_Edge_Interrupt/proj_cm33_s/libs'.
Writing mtb file for asset 'device-db' to the folder 'C:/Desktop/PSOC_Edge_AI/Demo/01_Basic/PSOC_Edge_Interrupt/proj_cm33_s/libs'.
Writing mtb file for asset 'async-transfer' to the folder 'C:/Desktop/PSOC_Edge_AI/Demo/01_Basic/PSOC_Edge_Interrupt/proj_cm33_s/libs'.
Writing mtb file for asset 'cmsis' to the folder 'C:/Desktop/PSOC_Edge_AI/Demo/01_Basic/PSOC_Edge_Interrupt/proj_cm33_s/libs'.
Git#15>Starting: git -C C:/Desktop/PSOC_Edge_AI/Demo/01_Basic/PSOC_Edge_Interrupt/proj_cm33_s/libs clone --progress --origin cypress --no-checkout --filter=blob:none https://github.com/Infineon/TARGET_KIT_PSE84_AI TARGET_KIT_PSE84_AI
Git#16>Starting: git -C C:/Desktop/PSOC_Edge_AI/Demo/01_Basic/mtb_shared/mtb-ipc/release-v1.2.0 -c advice.detachedHead=false checkout --progress release-v1.2.0
Git#17>Starting: git -C C:/Desktop/PSOC_Edge_AI/Demo/01_Basic/mtb_shared/se-rt-services-utils/release-v1.4.0 -c advice.detachedHead=false checkout --progress release-v1.4.0
Git#18>Starting: git -C C:/Desktop/PSOC_Edge_AI/Demo/01_Basic/mtb_shared/core-lib/release-v1.8.0 -c advice.detachedHead=false checkout --progress release-v1.8.0
Git#15>Cloning into 'TARGET_KIT_PSE84_AI'...
Git#16>HEAD is now at 760f477 Upload mtb-ipc [4394]
Git#16>Success: git -C C:/Desktop/PSOC_Edge_AI/Demo/01_Basic/mtb_shared/mtb-ipc/release-v1.2.0 -c advice.detachedHead=false checkout --progress release-v1.2.0
Git#19>Starting: git -C C:/Desktop/PSOC_Edge_AI/Demo/01_Basic/mtb_shared/bt-fw-mur-cyw55513/release-v1.0.0 -c advice.detachedHead=false checkout --progress release-v1.0.0
Git#17>HEAD is now at b9cb6c8 Upload se-rt-services-utils 1.4.0.1521 [5025]
Git#18>HEAD is now at ca57d1e Upload core-lib [5210]
Git#18>Success: git -C C:/Desktop/PSOC_Edge_AI/Demo/01_Basic/mtb_shared/core-lib/release-v1.8.0 -c advice.detachedHead=false checkout --progress release-v1.8.0
Git#20>Starting: git -C C:/Desktop/PSOC_Edge_AI/Demo/01_Basic/mtb_shared/core-make/release-v3.10.0 -c advice.detachedHead=false checkout --progress release-v3.10.0
Git#17>Success: git -C C:/Desktop/PSOC_Edge_AI/Demo/01_Basic/mtb_shared/se-rt-services-utils/release-v1.4.0 -c advice.detachedHead=false checkout --progress release-v1.4.0
Git#21>Starting: git -C C:/Desktop/PSOC_Edge_AI/Demo/01_Basic/mtb_shared/mtb-dsl-pse8xxgp/release-v1.7.0 -c advice.detachedHead=false checkout --progress release-v1.7.0
Git#19>HEAD is now at 8823323 Upload bt-fw-mur-cyw55513 1.0.0.8 [3998]
Git#19>Success: git -C C:/Desktop/PSOC_Edge_AI/Demo/01_Basic/mtb_shared/bt-fw-mur-cyw55513/release-v1.0.0 -c advice.detachedHead=false checkout --progress release-v1.0.0
Git#22>Starting: git -C C:/Desktop/PSOC_Edge_AI/Demo/01_Basic/mtb_shared/mtb-srf/release-v1.2.1 -c advice.detachedHead=false checkout --progress release-v1.2.1
Git#20>HEAD is now at aefe7ff Upload core-make [5352]
Git#20>Success: git -C C:/Desktop/PSOC_Edge_AI/Demo/01_Basic/mtb_shared/core-make/release-v3.10.0 -c advice.detachedHead=false checkout --progress release-v3.10.0
Git#23>Starting: git -C C:/Users/User/.modustoolbox/global/device-db/release-v4.41.0 -c advice.detachedHead=false checkout --progress release-v4.41.0
Git#22>HEAD is now at 7998f67 Upload mtb-srf [5279]
Git#22>Success: git -C C:/Desktop/PSOC_Edge_AI/Demo/01_Basic/mtb_shared/mtb-srf/release-v1.2.1 -c advice.detachedHead=false checkout --progress release-v1.2.1
Git#24>Starting: git -C C:/Desktop/PSOC_Edge_AI/Demo/01_Basic/mtb_shared/async-transfer/release-v1.1.1 -c advice.detachedHead=false checkout --progress release-v1.1.1
Git#24>HEAD is now at 17b6f63 Upload async-transfer [5210]
Git#24>Success: git -C C:/Desktop/PSOC_Edge_AI/Demo/01_Basic/mtb_shared/async-transfer/release-v1.1.1 -c advice.detachedHead=false checkout --progress release-v1.1.1
Git#25>Starting: git -C C:/Desktop/PSOC_Edge_AI/Demo/01_Basic/mtb_shared/cmsis/release-v6.1.0 -c advice.detachedHead=false checkout --progress release-v6.1.0
Git#25>HEAD is now at d00730d Upload cmsis 6.1.0.171 [3998]
Git#25>Success: git -C C:/Desktop/PSOC_Edge_AI/Demo/01_Basic/mtb_shared/cmsis/release-v6.1.0 -c advice.detachedHead=false checkout --progress release-v6.1.0
Git#21>HEAD is now at 5813532 Upload mtb-dsl-pse8xxgp 1.7.0.1401 [5446]
Git#21>Success: git -C C:/Desktop/PSOC_Edge_AI/Demo/01_Basic/mtb_shared/mtb-dsl-pse8xxgp/release-v1.7.0 -c advice.detachedHead=false checkout --progress release-v1.7.0
Git#15>remote: Enumerating objects: 64, done.        
Git#15>remote: Counting objects:   1% (1/64)        
Git#15>remote: Counting objects:   3% (2/64)        
Git#15>remote: Counting objects:   4% (3/64)        
Git#15>remote: Counting objects:   6% (4/64)        
Git#15>remote: Counting objects:   7% (5/64)        
Git#15>remote: Counting objects:   9% (6/64)        
Git#15>remote: Counting objects:  10% (7/64)        
Git#15>remote: Counting objects:  12% (8/64)        
Git#15>remote: Counting objects:  14% (9/64)        
Git#15>remote: Counting objects:  15% (10/64)        
Git#15>remote: Counting objects:  17% (11/64)        
Git#15>remote: Counting objects:  18% (12/64)        
Git#15>remote: Counting objects:  20% (13/64)        
Git#15>remote: Counting objects:  21% (14/64)        
Git#15>remote: Counting objects:  23% (15/64)        
Git#15>remote: Counting objects:  25% (16/64)        
Git#15>remote: Counting objects:  26% (17/64)        
Git#15>remote: Counting objects:  28% (18/64)        
Git#15>remote: Counting objects:  29% (19/64)        
Git#15>remote: Counting objects:  31% (20/64)        
Git#15>remote: Counting objects:  32% (21/64)        
Git#15>remote: Counting objects:  34% (22/64)        
Git#15>remote: Counting objects:  35% (23/64)        
Git#15>remote: Counting objects:  37% (24/64)        
Git#15>remote: Counting objects:  39% (25/64)        
Git#15>remote: Counting objects:  40% (26/64)        
Git#15>remote: Counting objects:  42% (27/64)        
Git#15>remote: Counting objects:  43% (28/64)        
Git#15>remote: Counting objects:  45% (29/64)        
Git#15>remote: Counting objects:  46% (30/64)        
Git#15>remote: Counting objects:  48% (31/64)        
Git#15>remote: Counting objects:  50% (32/64)        
Git#15>remote: Counting objects:  51% (33/64)        
Git#15>remote: Counting objects:  53% (34/64)        
Git#15>remote: Counting objects:  54% (35/64)        
Git#15>remote: Counting objects:  56% (36/64)        
Git#15>remote: Counting objects:  57% (37/64)        
Git#15>remote: Counting objects:  59% (38/64)        
Git#15>remote: Counting objects:  60% (39/64)        
Git#15>remote: Counting objects:  62% (40/64)        
Git#15>remote: Counting objects:  64% (41/64)        
Git#15>remote: Counting objects:  65% (42/64)        
Git#15>remote: Counting objects:  67% (43/64)        
Git#15>remote: Counting objects:  68% (44/64)        
Git#15>remote: Counting objects:  70% (45/64)        
Git#15>remote: Counting objects:  71% (46/64)        
Git#15>remote: Counting objects:  73% (47/64)        
Git#15>remote: Counting objects:  75% (48/64)        
Git#15>remote: Counting objects:  76% (49/64)        
Git#15>remote: Counting objects:  78% (50/64)        
Git#15>remote: Counting objects:  79% (51/64)        
Git#15>remote: Counting objects:  81% (52/64)        
Git#15>remote: Counting objects:  82% (53/64)        
Git#15>remote: Counting objects:  84% (54/64)        
Git#15>remote: Counting objects:  85% (55/64)        
Git#15>remote: Counting objects:  87% (56/64)        
Git#15>remote: Counting objects:  89% (57/64)        
Git#15>remote: Counting objects:  90% (58/64)        
Git#15>remote: Counting objects:  92% (59/64)        
Git#15>remote: Counting objects:  93% (60/64)        
Git#15>remote: Counting objects:  95% (61/64)        
Git#15>remote: Counting objects:  96% (62/64)        
Git#15>remote: Counting objects:  98% (63/64)        
Git#15>remote: Counting objects: 100% (64/64)        
Git#15>remote: Counting objects: 100% (64/64), done.        
Git#15>remote: Compressing objects:   2% (1/40)        
Git#15>remote: Compressing objects:   5% (2/40)        
Git#15>remote: Compressing objects:   7% (3/40)        
Git#15>remote: Compressing objects:  10% (4/40)        
Git#15>remote: Compressing objects:  12% (5/40)        
Git#15>remote: Compressing objects:  15% (6/40)        
Git#15>remote: Compressing objects:  17% (7/40)        
Git#15>remote: Compressing objects:  20% (8/40)        
Git#15>remote: Compressing objects:  22% (9/40)        
Git#15>remote: Compressing objects:  25% (10/40)        
Git#15>remote: Compressing objects:  27% (11/40)        
Git#15>remote: Compressing objects:  30% (12/40)        
Git#15>remote: Compressing objects:  32% (13/40)        
Git#15>remote: Compressing objects:  35% (14/40)        
Git#15>remote: Compressing objects:  37% (15/40)        
Git#15>remote: Compressing objects:  40% (16/40)        
Git#15>remote: Compressing objects:  42% (17/40)        
Git#15>remote: Compressing objects:  45% (18/40)        
Git#15>remote: Compressing objects:  47% (19/40)        
Git#15>remote: Compressing objects:  50% (20/40)        
Git#15>remote: Compressing objects:  52% (21/40)        
Git#15>remote: Compressing objects:  55% (22/40)        
Git#15>remote: Compressing objects:  57% (23/40)        
Git#15>remote: Compressing objects:  60% (24/40)        
Git#15>remote: Compressing objects:  62% (25/40)        
Git#15>remote: Compressing objects:  65% (26/40)        
Git#15>remote: Compressing objects:  67% (27/40)        
Git#15>remote: Compressing objects:  70% (28/40)        
Git#15>remote: Compressing objects:  72% (29/40)        
Git#15>remote: Compressing objects:  75% (30/40)        
Git#15>remote: Compressing objects:  77% (31/40)        
Git#15>remote: Compressing objects:  80% (32/40)        
Git#15>remote: Compressing objects:  82% (33/40)        
Git#15>remote: Compressing objects:  85% (34/40)        
Git#15>remote: Compressing objects:  87% (35/40)        
Git#15>remote: Compressing objects:  90% (36/40)        
Git#15>remote: Compressing objects:  92% (37/40)        
Git#15>remote: Compressing objects:  95% (38/40)        
Git#15>remote: Compressing objects:  97% (39/40)        
Git#15>remote: Compressing objects: 100% (40/40)        
Git#15>remote: Compressing objects: 100% (40/40), done.        
Git#15>Receiving objects:   1% (1/64)
Git#15>Receiving objects:   3% (2/64)
Git#15>Receiving objects:   4% (3/64)
Git#15>Receiving objects:   6% (4/64)
Git#15>Receiving objects:   7% (5/64)
Git#15>Receiving objects:   9% (6/64)
Git#15>Receiving objects:  10% (7/64)
Git#15>Receiving objects:  12% (8/64)
Git#15>Receiving objects:  14% (9/64)
Git#15>Receiving objects:  15% (10/64)
Git#15>Receiving objects:  17% (11/64)
Git#15>Receiving objects:  18% (12/64)
Git#15>Receiving objects:  20% (13/64)
Git#15>Receiving objects:  21% (14/64)
Git#15>Receiving objects:  23% (15/64)
Git#15>Receiving objects:  25% (16/64)
Git#15>Receiving objects:  26% (17/64)
Git#15>Receiving objects:  28% (18/64)
Git#15>Receiving objects:  29% (19/64)
Git#15>Receiving objects:  31% (20/64)
Git#15>Receiving objects:  32% (21/64)
Git#15>Receiving objects:  34% (22/64)
Git#15>Receiving objects:  35% (23/64)
Git#15>Receiving objects:  37% (24/64)
Git#15>Receiving objects:  39% (25/64)
Git#15>Receiving objects:  40% (26/64)
Git#15>Receiving objects:  42% (27/64)
Git#15>Receiving objects:  43% (28/64)
Git#15>Receiving objects:  45% (29/64)
Git#15>Receiving objects:  46% (30/64)
Git#15>Receiving objects:  48% (31/64)
Git#15>Receiving objects:  50% (32/64)
Git#15>remote: Total 64 (delta 24), reused 55 (delta 15), pack-reused 0 (from 0)        
Git#15>Receiving objects:  51% (33/64)
Git#15>Receiving objects:  53% (34/64)
Git#15>Receiving objects:  54% (35/64)
Git#15>Receiving objects:  56% (36/64)
Git#15>Receiving objects:  57% (37/64)
Git#15>Receiving objects:  59% (38/64)
Git#15>Receiving objects:  60% (39/64)
Git#15>Receiving objects:  62% (40/64)
Git#15>Receiving objects:  64% (41/64)
Git#15>Receiving objects:  65% (42/64)
Git#15>Receiving objects:  67% (43/64)
Git#15>Receiving objects:  68% (44/64)
Git#15>Receiving objects:  70% (45/64)
Git#15>Receiving objects:  71% (46/64)
Git#15>Receiving objects:  73% (47/64)
Git#15>Receiving objects:  75% (48/64)
Git#15>Receiving objects:  76% (49/64)
Git#15>Receiving objects:  78% (50/64)
Git#15>Receiving objects:  79% (51/64)
Git#15>Receiving objects:  81% (52/64)
Git#15>Receiving objects:  82% (53/64)
Git#15>Receiving objects:  84% (54/64)
Git#15>Receiving objects:  85% (55/64)
Git#15>Receiving objects:  87% (56/64)
Git#15>Receiving objects:  89% (57/64)
Git#15>Receiving objects:  90% (58/64)
Git#15>Receiving objects:  92% (59/64)
Git#15>Receiving objects:  93% (60/64)
Git#15>Receiving objects:  95% (61/64)
Git#15>Receiving objects:  96% (62/64)
Git#15>Receiving objects:  98% (63/64)
Git#15>Receiving objects: 100% (64/64)
Git#15>Receiving objects: 100% (64/64), 21.89 KiB | 1.68 MiB/s, done.
Git#15>Resolving deltas:   0% (0/24)
Git#15>Resolving deltas:   4% (1/24)
Git#15>Resolving deltas:   8% (2/24)
Git#15>Resolving deltas:  12% (3/24)
Git#15>Resolving deltas:  16% (4/24)
Git#15>Resolving deltas:  20% (5/24)
Git#15>Resolving deltas:  25% (6/24)
Git#15>Resolving deltas:  29% (7/24)
Git#15>Resolving deltas:  33% (8/24)
Git#15>Resolving deltas:  37% (9/24)
Git#15>Resolving deltas:  41% (10/24)
Git#15>Resolving deltas:  45% (11/24)
Git#15>Resolving deltas:  50% (12/24)
Git#15>Resolving deltas:  54% (13/24)
Git#15>Resolving deltas:  58% (14/24)
Git#15>Resolving deltas:  62% (15/24)
Git#15>Resolving deltas:  66% (16/24)
Git#15>Resolving deltas:  70% (17/24)
Git#15>Resolving deltas:  75% (18/24)
Git#15>Resolving deltas:  79% (19/24)
Git#15>Resolving deltas:  83% (20/24)
Git#15>Resolving deltas:  87% (21/24)
Git#15>Resolving deltas:  91% (22/24)
Git#15>Resolving deltas:  95% (23/24)
Git#15>Resolving deltas: 100% (24/24)
Git#15>Resolving deltas: 100% (24/24), done.
Git#23>HEAD is now at d81a6a64 Upload device-db 4.41.0.11271 [5423]
Git#23>Success: git -C C:/Users/User/.modustoolbox/global/device-db/release-v4.41.0 -c advice.detachedHead=false checkout --progress release-v4.41.0
Git#15>Success: git -C C:/Desktop/PSOC_Edge_AI/Demo/01_Basic/PSOC_Edge_Interrupt/proj_cm33_s/libs clone --progress --origin cypress --no-checkout --filter=blob:none https://github.com/Infineon/TARGET_KIT_PSE84_AI TARGET_KIT_PSE84_AI
Git#26>Starting: git -C C:/Desktop/PSOC_Edge_AI/Demo/01_Basic/PSOC_Edge_Interrupt/proj_cm33_s/libs/TARGET_KIT_PSE84_AI -c advice.detachedHead=false checkout --progress release-v1.4.0
Git#26>Updating files:   0% (2/255)
Git#26>Updating files:   1% (3/255)
Git#26>Updating files:   2% (6/255)
Git#26>Updating files:   3% (8/255)
Git#26>Updating files:   4% (11/255)
Git#26>Updating files:   5% (13/255)
Git#26>Updating files:   6% (16/255)
Git#26>Updating files:   7% (18/255)
Git#26>Updating files:   8% (21/255)
Git#26>Updating files:   9% (23/255)
Git#26>Updating files:  10% (26/255)
Git#26>Updating files:  11% (29/255)
Git#26>Updating files:  12% (31/255)
Git#26>Updating files:  13% (34/255)
Git#26>Updating files:  14% (36/255)
Git#26>Updating files:  15% (39/255)
Git#26>Updating files:  16% (41/255)
Git#26>Updating files:  17% (44/255)
Git#26>Updating files:  18% (46/255)
Git#26>Updating files:  19% (49/255)
Git#26>Updating files:  20% (51/255)
Git#26>Updating files:  21% (54/255)
Git#26>Updating files:  22% (57/255)
Git#26>Updating files:  23% (59/255)
Git#26>Updating files:  24% (62/255)
Git#26>Updating files:  25% (64/255)
Git#26>Updating files:  26% (67/255)
Git#26>Updating files:  27% (69/255)
Git#26>Updating files:  28% (72/255)
Git#26>Updating files:  29% (74/255)
Git#26>Updating files:  30% (77/255)
Git#26>Updating files:  31% (80/255)
Git#26>Updating files:  32% (82/255)
Git#26>Updating files:  33% (85/255)
Git#26>Updating files:  34% (87/255)
Git#26>Updating files:  35% (90/255)
Git#26>Updating files:  36% (92/255)
Git#26>Updating files:  37% (95/255)
Git#26>Updating files:  38% (97/255)
Git#26>Updating files:  38% (99/255)
Git#26>Updating files:  39% (100/255)
Git#26>Updating files:  40% (102/255)
Git#26>Updating files:  41% (105/255)
Git#26>Updating files:  42% (108/255)
Git#26>Updating files:  43% (110/255)
Git#26>Updating files:  44% (113/255)
Git#26>Updating files:  45% (115/255)
Git#26>Updating files:  46% (118/255)
Git#26>Updating files:  47% (120/255)
Git#26>Updating files:  48% (123/255)
Git#26>Updating files:  49% (125/255)
Git#26>Updating files:  50% (128/255)
Git#26>Updating files:  51% (131/255)
Git#26>Updating files:  52% (133/255)
Git#26>Updating files:  53% (136/255)
Git#26>Updating files:  54% (138/255)
Git#26>Updating files:  55% (141/255)
Git#26>Updating files:  56% (143/255)
Git#26>Updating files:  57% (146/255)
Git#26>Updating files:  58% (148/255)
Git#26>Updating files:  59% (151/255)
Git#26>Updating files:  60% (153/255)
Git#26>Updating files:  61% (156/255)
Git#26>Updating files:  62% (159/255)
Git#26>Updating files:  63% (161/255)
Git#26>Updating files:  64% (164/255)
Git#26>Updating files:  65% (166/255)
Git#26>Updating files:  66% (169/255)
Git#26>Updating files:  67% (171/255)
Git#26>Updating files:  68% (174/255)
Git#26>Updating files:  69% (176/255)
Git#26>Updating files:  70% (179/255)
Git#26>Updating files:  71% (182/255)
Git#26>Updating files:  72% (184/255)
Git#26>Updating files:  73% (187/255)
Git#26>Updating files:  74% (189/255)
Git#26>Updating files:  75% (192/255)
Git#26>Updating files:  76% (194/255)
Git#26>Updating files:  77% (197/255)
Git#26>Updating files:  78% (199/255)
Git#26>Updating files:  79% (202/255)
Git#26>Updating files:  80% (204/255)
Git#26>Updating files:  81% (207/255)
Git#26>Updating files:  82% (210/255)
Git#26>Updating files:  83% (212/255)
Git#26>Updating files:  84% (215/255)
Git#26>Updating files:  85% (217/255)
Git#26>Updating files:  86% (220/255)
Git#26>Updating files:  87% (222/255)
Git#26>Updating files:  88% (225/255)
Git#26>Updating files:  89% (227/255)
Git#26>Updating files:  90% (230/255)
Git#26>Updating files:  91% (233/255)
Git#26>Updating files:  92% (235/255)
Git#26>Updating files:  93% (238/255)
Git#26>Updating files:  94% (240/255)
Git#26>Updating files:  95% (243/255)
Git#26>Updating files:  96% (245/255)
Git#26>Updating files:  97% (248/255)
Git#26>Updating files:  98% (250/255)
Git#26>Updating files:  99% (253/255)
Git#26>Updating files: 100% (255/255)
Git#26>Updating files: 100% (255/255), done.
Git#26>HEAD is now at 4894dd6 Upload TARGET_KIT_PSE84_AI [5230]
Git#26>Success: git -C C:/Desktop/PSOC_Edge_AI/Demo/01_Basic/PSOC_Edge_Interrupt/proj_cm33_s/libs/TARGET_KIT_PSE84_AI -c advice.detachedHead=false checkout --progress release-v1.4.0
Requested to change the active target to 'APP_KIT_PSE84_AI'.
Removed the file 'C:/Desktop/PSOC_Edge_AI/Demo/01_Basic/PSOC_Edge_Interrupt/proj_cm33_s/deps/TARGET_KIT_PSE84_AI.mtb'.
Writing the file 'C:/Desktop/PSOC_Edge_AI/Demo/01_Basic/PSOC_Edge_Interrupt/proj_cm33_s/libs/app.mk'.
Successfully committed changes to the project 'proj_cm33_s'.
Project "proj_cm33_s" created successfully.
Processing project 'proj_cm55'.
Starting to commit changes to the filesystem and project 'proj_cm55'.
Writing mtb file for asset 'KIT_PSE84_AI' to the folder 'C:/Desktop/PSOC_Edge_AI/Demo/01_Basic/PSOC_Edge_Interrupt/proj_cm55/deps'.
Writing mtb file for asset 'mtb-ipc' to the folder 'C:/Desktop/PSOC_Edge_AI/Demo/01_Basic/PSOC_Edge_Interrupt/proj_cm55/libs'.
Writing mtb file for asset 'se-rt-services-utils' to the folder 'C:/Desktop/PSOC_Edge_AI/Demo/01_Basic/PSOC_Edge_Interrupt/proj_cm55/libs'.
Writing mtb file for asset 'core-lib' to the folder 'C:/Desktop/PSOC_Edge_AI/Demo/01_Basic/PSOC_Edge_Interrupt/proj_cm55/libs'.
Writing mtb file for asset 'bt-fw-mur-cyw55513' to the folder 'C:/Desktop/PSOC_Edge_AI/Demo/01_Basic/PSOC_Edge_Interrupt/proj_cm55/libs'.
Writing mtb file for asset 'core-make' to the folder 'C:/Desktop/PSOC_Edge_AI/Demo/01_Basic/PSOC_Edge_Interrupt/proj_cm55/libs'.
Writing mtb file for asset 'mtb-dsl-pse8xxgp' to the folder 'C:/Desktop/PSOC_Edge_AI/Demo/01_Basic/PSOC_Edge_Interrupt/proj_cm55/libs'.
Writing mtb file for asset 'mtb-srf' to the folder 'C:/Desktop/PSOC_Edge_AI/Demo/01_Basic/PSOC_Edge_Interrupt/proj_cm55/libs'.
Writing mtb file for asset 'device-db' to the folder 'C:/Desktop/PSOC_Edge_AI/Demo/01_Basic/PSOC_Edge_Interrupt/proj_cm55/libs'.
Writing mtb file for asset 'async-transfer' to the folder 'C:/Desktop/PSOC_Edge_AI/Demo/01_Basic/PSOC_Edge_Interrupt/proj_cm55/libs'.
Writing mtb file for asset 'cmsis' to the folder 'C:/Desktop/PSOC_Edge_AI/Demo/01_Basic/PSOC_Edge_Interrupt/proj_cm55/libs'.
Git#27>Starting: git -C C:/Desktop/PSOC_Edge_AI/Demo/01_Basic/PSOC_Edge_Interrupt/proj_cm55/libs clone --progress --origin cypress --no-checkout --filter=blob:none https://github.com/Infineon/TARGET_KIT_PSE84_AI TARGET_KIT_PSE84_AI
Git#28>Starting: git -C C:/Desktop/PSOC_Edge_AI/Demo/01_Basic/mtb_shared/mtb-ipc/release-v1.2.0 -c advice.detachedHead=false checkout --progress release-v1.2.0
Git#29>Starting: git -C C:/Desktop/PSOC_Edge_AI/Demo/01_Basic/mtb_shared/se-rt-services-utils/release-v1.4.0 -c advice.detachedHead=false checkout --progress release-v1.4.0
Git#30>Starting: git -C C:/Desktop/PSOC_Edge_AI/Demo/01_Basic/mtb_shared/core-lib/release-v1.8.0 -c advice.detachedHead=false checkout --progress release-v1.8.0
Git#27>Cloning into 'TARGET_KIT_PSE84_AI'...
Git#28>HEAD is now at 760f477 Upload mtb-ipc [4394]
Git#28>Success: git -C C:/Desktop/PSOC_Edge_AI/Demo/01_Basic/mtb_shared/mtb-ipc/release-v1.2.0 -c advice.detachedHead=false checkout --progress release-v1.2.0
Git#31>Starting: git -C C:/Desktop/PSOC_Edge_AI/Demo/01_Basic/mtb_shared/bt-fw-mur-cyw55513/release-v1.0.0 -c advice.detachedHead=false checkout --progress release-v1.0.0
Git#30>HEAD is now at ca57d1e Upload core-lib [5210]
Git#29>HEAD is now at b9cb6c8 Upload se-rt-services-utils 1.4.0.1521 [5025]
Git#30>Success: git -C C:/Desktop/PSOC_Edge_AI/Demo/01_Basic/mtb_shared/core-lib/release-v1.8.0 -c advice.detachedHead=false checkout --progress release-v1.8.0
Git#32>Starting: git -C C:/Desktop/PSOC_Edge_AI/Demo/01_Basic/mtb_shared/core-make/release-v3.10.0 -c advice.detachedHead=false checkout --progress release-v3.10.0
Git#29>Success: git -C C:/Desktop/PSOC_Edge_AI/Demo/01_Basic/mtb_shared/se-rt-services-utils/release-v1.4.0 -c advice.detachedHead=false checkout --progress release-v1.4.0
Git#33>Starting: git -C C:/Desktop/PSOC_Edge_AI/Demo/01_Basic/mtb_shared/mtb-dsl-pse8xxgp/release-v1.7.0 -c advice.detachedHead=false checkout --progress release-v1.7.0
Git#31>HEAD is now at 8823323 Upload bt-fw-mur-cyw55513 1.0.0.8 [3998]
Git#31>Success: git -C C:/Desktop/PSOC_Edge_AI/Demo/01_Basic/mtb_shared/bt-fw-mur-cyw55513/release-v1.0.0 -c advice.detachedHead=false checkout --progress release-v1.0.0
Git#34>Starting: git -C C:/Desktop/PSOC_Edge_AI/Demo/01_Basic/mtb_shared/mtb-srf/release-v1.2.1 -c advice.detachedHead=false checkout --progress release-v1.2.1
Git#32>HEAD is now at aefe7ff Upload core-make [5352]
Git#32>Success: git -C C:/Desktop/PSOC_Edge_AI/Demo/01_Basic/mtb_shared/core-make/release-v3.10.0 -c advice.detachedHead=false checkout --progress release-v3.10.0
Git#35>Starting: git -C C:/Users/User/.modustoolbox/global/device-db/release-v4.41.0 -c advice.detachedHead=false checkout --progress release-v4.41.0
Git#34>HEAD is now at 7998f67 Upload mtb-srf [5279]
Git#34>Success: git -C C:/Desktop/PSOC_Edge_AI/Demo/01_Basic/mtb_shared/mtb-srf/release-v1.2.1 -c advice.detachedHead=false checkout --progress release-v1.2.1
Git#36>Starting: git -C C:/Desktop/PSOC_Edge_AI/Demo/01_Basic/mtb_shared/async-transfer/release-v1.1.1 -c advice.detachedHead=false checkout --progress release-v1.1.1
Git#36>HEAD is now at 17b6f63 Upload async-transfer [5210]
Git#36>Success: git -C C:/Desktop/PSOC_Edge_AI/Demo/01_Basic/mtb_shared/async-transfer/release-v1.1.1 -c advice.detachedHead=false checkout --progress release-v1.1.1
Git#37>Starting: git -C C:/Desktop/PSOC_Edge_AI/Demo/01_Basic/mtb_shared/cmsis/release-v6.1.0 -c advice.detachedHead=false checkout --progress release-v6.1.0
Git#37>HEAD is now at d00730d Upload cmsis 6.1.0.171 [3998]
Git#37>Success: git -C C:/Desktop/PSOC_Edge_AI/Demo/01_Basic/mtb_shared/cmsis/release-v6.1.0 -c advice.detachedHead=false checkout --progress release-v6.1.0
Git#33>HEAD is now at 5813532 Upload mtb-dsl-pse8xxgp 1.7.0.1401 [5446]
Git#33>Success: git -C C:/Desktop/PSOC_Edge_AI/Demo/01_Basic/mtb_shared/mtb-dsl-pse8xxgp/release-v1.7.0 -c advice.detachedHead=false checkout --progress release-v1.7.0
Git#27>remote: Enumerating objects: 64, done.        
Git#27>remote: Counting objects:   1% (1/64)        
Git#27>remote: Counting objects:   3% (2/64)        
Git#27>remote: Counting objects:   4% (3/64)        
Git#27>remote: Counting objects:   6% (4/64)        
Git#27>remote: Counting objects:   7% (5/64)        
Git#27>remote: Counting objects:   9% (6/64)        
Git#27>remote: Counting objects:  10% (7/64)        
Git#27>remote: Counting objects:  12% (8/64)        
Git#27>remote: Counting objects:  14% (9/64)        
Git#27>remote: Counting objects:  15% (10/64)        
Git#27>remote: Counting objects:  17% (11/64)        
Git#27>remote: Counting objects:  18% (12/64)        
Git#27>remote: Counting objects:  20% (13/64)        
Git#27>remote: Counting objects:  21% (14/64)        
Git#27>remote: Counting objects:  23% (15/64)        
Git#27>remote: Counting objects:  25% (16/64)        
Git#27>remote: Counting objects:  26% (17/64)        
Git#27>remote: Counting objects:  28% (18/64)        
Git#27>remote: Counting objects:  29% (19/64)        
Git#27>remote: Counting objects:  31% (20/64)        
Git#27>remote: Counting objects:  32% (21/64)        
Git#27>remote: Counting objects:  34% (22/64)        
Git#27>remote: Counting objects:  35% (23/64)        
Git#27>remote: Counting objects:  37% (24/64)        
Git#27>remote: Counting objects:  39% (25/64)        
Git#27>remote: Counting objects:  40% (26/64)        
Git#27>remote: Counting objects:  42% (27/64)        
Git#27>remote: Counting objects:  43% (28/64)        
Git#27>remote: Counting objects:  45% (29/64)        
Git#27>remote: Counting objects:  46% (30/64)        
Git#27>remote: Counting objects:  48% (31/64)        
Git#27>remote: Counting objects:  50% (32/64)        
Git#27>remote: Counting objects:  51% (33/64)        
Git#27>remote: Counting objects:  53% (34/64)        
Git#27>remote: Counting objects:  54% (35/64)        
Git#27>remote: Counting objects:  56% (36/64)        
Git#27>remote: Counting objects:  57% (37/64)        
Git#27>remote: Counting objects:  59% (38/64)        
Git#27>remote: Counting objects:  60% (39/64)        
Git#27>remote: Counting objects:  62% (40/64)        
Git#27>remote: Counting objects:  64% (41/64)        
Git#27>remote: Counting objects:  65% (42/64)        
Git#27>remote: Counting objects:  67% (43/64)        
Git#27>remote: Counting objects:  68% (44/64)        
Git#27>remote: Counting objects:  70% (45/64)        
Git#27>remote: Counting objects:  71% (46/64)        
Git#27>remote: Counting objects:  73% (47/64)        
Git#27>remote: Counting objects:  75% (48/64)        
Git#27>remote: Counting objects:  76% (49/64)        
Git#27>remote: Counting objects:  78% (50/64)        
Git#27>remote: Counting objects:  79% (51/64)        
Git#27>remote: Counting objects:  81% (52/64)        
Git#27>remote: Counting objects:  82% (53/64)        
Git#27>remote: Counting objects:  84% (54/64)        
Git#27>remote: Counting objects:  85% (55/64)        
Git#27>remote: Counting objects:  87% (56/64)        
Git#27>remote: Counting objects:  89% (57/64)        
Git#27>remote: Counting objects:  90% (58/64)        
Git#27>remote: Counting objects:  92% (59/64)        
Git#27>remote: Counting objects:  93% (60/64)        
Git#27>remote: Counting objects:  95% (61/64)        
Git#27>remote: Counting objects:  96% (62/64)        
Git#27>remote: Counting objects:  98% (63/64)        
Git#27>remote: Counting objects: 100% (64/64)        
Git#27>remote: Counting objects: 100% (64/64), done.        
Git#27>remote: Compressing objects:   2% (1/40)        
Git#27>remote: Compressing objects:   5% (2/40)        
Git#27>remote: Compressing objects:   7% (3/40)        
Git#27>remote: Compressing objects:  10% (4/40)        
Git#27>remote: Compressing objects:  12% (5/40)        
Git#27>remote: Compressing objects:  15% (6/40)        
Git#27>remote: Compressing objects:  17% (7/40)        
Git#27>remote: Compressing objects:  20% (8/40)        
Git#27>remote: Compressing objects:  22% (9/40)        
Git#27>remote: Compressing objects:  25% (10/40)        
Git#27>remote: Compressing objects:  27% (11/40)        
Git#27>remote: Compressing objects:  30% (12/40)        
Git#27>remote: Compressing objects:  32% (13/40)        
Git#27>remote: Compressing objects:  35% (14/40)        
Git#27>remote: Compressing objects:  37% (15/40)        
Git#27>remote: Compressing objects:  40% (16/40)        
Git#27>remote: Compressing objects:  42% (17/40)        
Git#27>remote: Compressing objects:  45% (18/40)        
Git#27>remote: Compressing objects:  47% (19/40)        
Git#27>remote: Compressing objects:  50% (20/40)        
Git#27>remote: Compressing objects:  52% (21/40)        
Git#27>remote: Compressing objects:  55% (22/40)        
Git#27>remote: Compressing objects:  57% (23/40)        
Git#27>remote: Compressing objects:  60% (24/40)        
Git#27>remote: Compressing objects:  62% (25/40)        
Git#27>remote: Compressing objects:  65% (26/40)        
Git#27>remote: Compressing objects:  67% (27/40)        
Git#27>remote: Compressing objects:  70% (28/40)        
Git#27>remote: Compressing objects:  72% (29/40)        
Git#27>remote: Compressing objects:  75% (30/40)        
Git#27>remote: Compressing objects:  77% (31/40)        
Git#27>remote: Compressing objects:  80% (32/40)        
Git#27>remote: Compressing objects:  82% (33/40)        
Git#27>remote: Compressing objects:  85% (34/40)        
Git#27>remote: Compressing objects:  87% (35/40)        
Git#27>remote: Compressing objects:  90% (36/40)        
Git#27>remote: Compressing objects:  92% (37/40)        
Git#27>remote: Compressing objects:  95% (38/40)        
Git#27>remote: Compressing objects:  97% (39/40)        
Git#27>remote: Compressing objects: 100% (40/40)        
Git#27>remote: Compressing objects: 100% (40/40), done.        
Git#27>Receiving objects:   1% (1/64)
Git#27>Receiving objects:   3% (2/64)
Git#27>Receiving objects:   4% (3/64)
Git#27>Receiving objects:   6% (4/64)
Git#27>Receiving objects:   7% (5/64)
Git#27>Receiving objects:   9% (6/64)
Git#27>Receiving objects:  10% (7/64)
Git#27>Receiving objects:  12% (8/64)
Git#27>Receiving objects:  14% (9/64)
Git#27>Receiving objects:  15% (10/64)
Git#27>Receiving objects:  17% (11/64)
Git#27>Receiving objects:  18% (12/64)
Git#27>Receiving objects:  20% (13/64)
Git#27>Receiving objects:  21% (14/64)
Git#27>Receiving objects:  23% (15/64)
Git#27>Receiving objects:  25% (16/64)
Git#27>Receiving objects:  26% (17/64)
Git#27>Receiving objects:  28% (18/64)
Git#27>Receiving objects:  29% (19/64)
Git#27>Receiving objects:  31% (20/64)
Git#27>Receiving objects:  32% (21/64)
Git#27>Receiving objects:  34% (22/64)
Git#27>Receiving objects:  35% (23/64)
Git#27>Receiving objects:  37% (24/64)
Git#27>Receiving objects:  39% (25/64)
Git#27>Receiving objects:  40% (26/64)
Git#27>Receiving objects:  42% (27/64)
Git#27>Receiving objects:  43% (28/64)
Git#27>Receiving objects:  45% (29/64)
Git#27>Receiving objects:  46% (30/64)
Git#27>Receiving objects:  48% (31/64)
Git#27>Receiving objects:  50% (32/64)
Git#27>remote: Total 64 (delta 24), reused 55 (delta 15), pack-reused 0 (from 0)        
Git#27>Receiving objects:  51% (33/64)
Git#27>Receiving objects:  53% (34/64)
Git#27>Receiving objects:  54% (35/64)
Git#27>Receiving objects:  56% (36/64)
Git#27>Receiving objects:  57% (37/64)
Git#27>Receiving objects:  59% (38/64)
Git#27>Receiving objects:  60% (39/64)
Git#27>Receiving objects:  62% (40/64)
Git#27>Receiving objects:  64% (41/64)
Git#27>Receiving objects:  65% (42/64)
Git#27>Receiving objects:  67% (43/64)
Git#27>Receiving objects:  68% (44/64)
Git#27>Receiving objects:  70% (45/64)
Git#27>Receiving objects:  71% (46/64)
Git#27>Receiving objects:  73% (47/64)
Git#27>Receiving objects:  75% (48/64)
Git#27>Receiving objects:  76% (49/64)
Git#27>Receiving objects:  78% (50/64)
Git#27>Receiving objects:  79% (51/64)
Git#27>Receiving objects:  81% (52/64)
Git#27>Receiving objects:  82% (53/64)
Git#27>Receiving objects:  84% (54/64)
Git#27>Receiving objects:  85% (55/64)
Git#27>Receiving objects:  87% (56/64)
Git#27>Receiving objects:  89% (57/64)
Git#27>Receiving objects:  90% (58/64)
Git#27>Receiving objects:  92% (59/64)
Git#27>Receiving objects:  93% (60/64)
Git#27>Receiving objects:  95% (61/64)
Git#27>Receiving objects:  96% (62/64)
Git#27>Receiving objects:  98% (63/64)
Git#27>Receiving objects: 100% (64/64)
Git#27>Receiving objects: 100% (64/64), 21.89 KiB | 1.29 MiB/s, done.
Git#27>Resolving deltas:   0% (0/24)
Git#27>Resolving deltas:   4% (1/24)
Git#27>Resolving deltas:   8% (2/24)
Git#27>Resolving deltas:  12% (3/24)
Git#27>Resolving deltas:  16% (4/24)
Git#27>Resolving deltas:  20% (5/24)
Git#27>Resolving deltas:  25% (6/24)
Git#27>Resolving deltas:  29% (7/24)
Git#27>Resolving deltas:  33% (8/24)
Git#27>Resolving deltas:  37% (9/24)
Git#27>Resolving deltas:  41% (10/24)
Git#27>Resolving deltas:  45% (11/24)
Git#27>Resolving deltas:  50% (12/24)
Git#27>Resolving deltas:  54% (13/24)
Git#27>Resolving deltas:  58% (14/24)
Git#27>Resolving deltas:  62% (15/24)
Git#27>Resolving deltas:  66% (16/24)
Git#27>Resolving deltas:  70% (17/24)
Git#27>Resolving deltas:  75% (18/24)
Git#27>Resolving deltas:  79% (19/24)
Resolving deltas:  83% (20/24)
Git#27>
Git#27>Resolving deltas:  87% (21/24)
Git#27>Resolving deltas:  91% (22/24)
Git#27>Resolving deltas:  95% (23/24)
Git#27>Resolving deltas: 100% (24/24)
Git#27>Resolving deltas: 100% (24/24), done.
Git#27>Success: git -C C:/Desktop/PSOC_Edge_AI/Demo/01_Basic/PSOC_Edge_Interrupt/proj_cm55/libs clone --progress --origin cypress --no-checkout --filter=blob:none https://github.com/Infineon/TARGET_KIT_PSE84_AI TARGET_KIT_PSE84_AI
Git#38>Starting: git -C C:/Desktop/PSOC_Edge_AI/Demo/01_Basic/PSOC_Edge_Interrupt/proj_cm55/libs/TARGET_KIT_PSE84_AI -c advice.detachedHead=false checkout --progress release-v1.4.0
Git#35>HEAD is now at d81a6a64 Upload device-db 4.41.0.11271 [5423]
Git#35>Success: git -C C:/Users/User/.modustoolbox/global/device-db/release-v4.41.0 -c advice.detachedHead=false checkout --progress release-v4.41.0
Git#38>Updating files:   0% (2/255)
Git#38>Updating files:   1% (3/255)
Git#38>Updating files:   2% (6/255)
Git#38>Updating files:   3% (8/255)
Git#38>Updating files:   4% (11/255)
Git#38>Updating files:   5% (13/255)
Git#38>Updating files:   6% (16/255)
Git#38>Updating files:   7% (18/255)
Git#38>Updating files:   8% (21/255)
Git#38>Updating files:   9% (23/255)
Git#38>Updating files:  10% (26/255)
Git#38>Updating files:  11% (29/255)
Git#38>Updating files:  12% (31/255)
Git#38>Updating files:  13% (34/255)
Git#38>Updating files:  14% (36/255)
Git#38>Updating files:  15% (39/255)
Git#38>Updating files:  16% (41/255)
Git#38>Updating files:  17% (44/255)
Git#38>Updating files:  18% (46/255)
Git#38>Updating files:  19% (49/255)
Git#38>Updating files:  20% (51/255)
Git#38>Updating files:  21% (54/255)
Git#38>Updating files:  22% (57/255)
Git#38>Updating files:  23% (59/255)
Git#38>Updating files:  24% (62/255)
Git#38>Updating files:  25% (64/255)
Git#38>Updating files:  26% (67/255)
Git#38>Updating files:  27% (69/255)
Git#38>Updating files:  28% (72/255)
Git#38>Updating files:  29% (74/255)
Git#38>Updating files:  30% (77/255)
Git#38>Updating files:  31% (80/255)
Git#38>Updating files:  32% (82/255)
Git#38>Updating files:  33% (85/255)
Git#38>Updating files:  34% (87/255)
Git#38>Updating files:  35% (90/255)
Git#38>Updating files:  36% (92/255)
Git#38>Updating files:  37% (95/255)
Git#38>Updating files:  38% (97/255)
Git#38>Updating files:  39% (100/255)
Git#38>Updating files:  40% (102/255)
Git#38>Updating files:  41% (105/255)
Git#38>Updating files:  41% (107/255)
Git#38>Updating files:  42% (108/255)
Git#38>Updating files:  43% (110/255)
Git#38>Updating files:  44% (113/255)
Git#38>Updating files:  45% (115/255)
Git#38>Updating files:  46% (118/255)
Git#38>Updating files:  47% (120/255)
Git#38>Updating files:  48% (123/255)
Git#38>Updating files:  49% (125/255)
Git#38>Updating files:  50% (128/255)
Git#38>Updating files:  51% (131/255)
Git#38>Updating files:  52% (133/255)
Git#38>Updating files:  53% (136/255)
Git#38>Updating files:  54% (138/255)
Git#38>Updating files:  55% (141/255)
Git#38>Updating files:  56% (143/255)
Git#38>Updating files:  57% (146/255)
Git#38>Updating files:  58% (148/255)
Git#38>Updating files:  59% (151/255)
Git#38>Updating files:  60% (153/255)
Git#38>Updating files:  61% (156/255)
Git#38>Updating files:  62% (159/255)
Git#38>Updating files:  63% (161/255)
Git#38>Updating files:  64% (164/255)
Git#38>Updating files:  65% (166/255)
Git#38>Updating files:  66% (169/255)
Git#38>Updating files:  67% (171/255)
Git#38>Updating files:  68% (174/255)
Git#38>Updating files:  69% (176/255)
Git#38>Updating files:  70% (179/255)
Git#38>Updating files:  71% (182/255)
Git#38>Updating files:  72% (184/255)
Git#38>Updating files:  73% (187/255)
Git#38>Updating files:  74% (189/255)
Git#38>Updating files:  75% (192/255)
Git#38>Updating files:  76% (194/255)
Git#38>Updating files:  77% (197/255)
Git#38>Updating files:  78% (199/255)
Git#38>Updating files:  79% (202/255)
Git#38>Updating files:  80% (204/255)
Git#38>Updating files:  81% (207/255)
Git#38>Updating files:  82% (210/255)
Git#38>Updating files:  83% (212/255)
Git#38>Updating files:  84% (215/255)
Git#38>Updating files:  85% (217/255)
Git#38>Updating files:  86% (220/255)
Git#38>Updating files:  87% (222/255)
Git#38>Updating files:  88% (225/255)
Git#38>Updating files:  89% (227/255)
Git#38>Updating files:  90% (230/255)
Git#38>Updating files:  91% (233/255)
Git#38>Updating files:  92% (235/255)
Git#38>Updating files:  93% (238/255)
Git#38>Updating files:  94% (240/255)
Git#38>Updating files:  95% (243/255)
Git#38>Updating files:  96% (245/255)
Git#38>Updating files:  97% (248/255)
Git#38>Updating files:  98% (250/255)
Git#38>Updating files:  99% (253/255)
Git#38>Updating files: 100% (255/255)
Git#38>Updating files: 100% (255/255), done.
Git#38>HEAD is now at 4894dd6 Upload TARGET_KIT_PSE84_AI [5230]
Git#38>Success: git -C C:/Desktop/PSOC_Edge_AI/Demo/01_Basic/PSOC_Edge_Interrupt/proj_cm55/libs/TARGET_KIT_PSE84_AI -c advice.detachedHead=false checkout --progress release-v1.4.0
Requested to change the active target to 'APP_KIT_PSE84_AI'.
Removed the file 'C:/Desktop/PSOC_Edge_AI/Demo/01_Basic/PSOC_Edge_Interrupt/proj_cm55/deps/TARGET_KIT_PSE84_AI.mtb'.
Writing the file 'C:/Desktop/PSOC_Edge_AI/Demo/01_Basic/PSOC_Edge_Interrupt/proj_cm55/libs/app.mk'.
Successfully committed changes to the project 'proj_cm55'.
Project "proj_cm55" created successfully.
Successfully created "PSOC_Edge_Interrupt" application.
Generating source
Generated source successfully.
==============================================================================
= Export "PSOC_Edge_Interrupt" application to Eclipse for ModusToolbox™ =
==============================================================================
make eclipse CY_IDE_PRJNAME=PSOC_Edge_Interrupt CY_MAKE_IDE=eclipse CY_MAKE_IDE_VERSION=2026.3 CY_TOOLS_PATHS=C:/Users/User/ModusToolbox/tools_3.9 MTB_MAKE_ECLIPSE_FORCE_REGENERATE_PROJECT=1
Searching installed tools in progress...
Searching installed tools complete
make -C proj_cm33_s eclipse MTB_APPLICATION_SUBPROJECTS="proj_cm33_s proj_cm33_ns proj_cm55" MTB_APPLICATION_NAME="PSOC_Edge_Interrupt" && make -C proj_cm33_ns eclipse MTB_APPLICATION_SUBPROJECTS="proj_cm33_s proj_cm33_ns proj_cm55" MTB_APPLICATION_NAME="PSOC_Edge_Interrupt" && make -C proj_cm55 eclipse MTB_APPLICATION_SUBPROJECTS="proj_cm33_s proj_cm33_ns proj_cm55" MTB_APPLICATION_NAME="PSOC_Edge_Interrupt" && true
make[1]: Entering directory '/cygdrive/c/Desktop/PSOC_Edge_AI/Demo/01_Basic/PSOC_Edge_Interrupt/proj_cm33_s'
Use of the FPU on a secure project may be susceptible to an VLLDM Instruction Security Vulnerability (CVE-2021-35465). Verify the toolchain you are using already provides a workaround or use VFP_SELECT=softfloat instead of VFP_SELECT=. For more information see https://developer.arm.com/Arm%20Security%20Center/VLLDM%20Instruction%20Security%20Vulnerability
NOTE: Using 'C:/Users/User/ModusToolbox/tools_3.9/ninja/ninja.exe' from PATH.
Generating mtbninja data files...
Generating mtbninja data complete...
Prebuild operations complete
Toolchain validation: PASS
Initializing build: proj_cm33_s Debug APP_KIT_PSE84_AI GCC_ARM
# 0: Loading the application in directory 'C:/Desktop/PSOC_Edge_AI/Demo/01_Basic/PSOC_Edge_Interrupt/proj_cm33_s'
# 0: Loading the ModusToolbox Technology Packs and Early Access Packs
# 0: Loading the tools information
Use of the FPU on a secure project may be susceptible to an VLLDM Instruction Security Vulnerability (CVE-2021-35465). Verify the toolchain you are using already provides a workaround or use VFP_SELECT=softfloat instead of VFP_SELECT=. For more information see https://developer.arm.com/Arm%20Security%20Center/VLLDM%20Instruction%20Security%20Vulnerability
NOTE: Using 'C:/Users/User/ModusToolbox/tools_3.9/ninja/ninja.exe' from PATH.
Generating mtbninja data files...
Generating mtbninja data complete...
Toolchain validation: PASS
Initializing build: proj_cm33_s Debug APP_KIT_PSE84_AI GCC_ARM
Prebuild operations complete
# 0: Loading the application in directory 'C:/Desktop/PSOC_Edge_AI/Demo/01_Basic/PSOC_Edge_Interrupt/proj_cm33_s'
# 0: Loading the ModusToolbox Technology Packs and Early Access Packs
# 0: Loading the tools information
Generated ../.clangd
Generated C:/Desktop/PSOC_Edge_AI/Demo/01_Basic/PSOC_Edge_Interrupt/.cproject
Generated C:/Desktop/PSOC_Edge_AI/Demo/01_Basic/PSOC_Edge_Interrupt/.project
Generated C:/Desktop/PSOC_Edge_AI/Demo/01_Basic/PSOC_Edge_Interrupt/proj_cm33_s/.cproject
Generated C:/Desktop/PSOC_Edge_AI/Demo/01_Basic/PSOC_Edge_Interrupt/proj_cm33_s/.project
Generated C:/Desktop/PSOC_Edge_AI/Demo/01_Basic/PSOC_Edge_Interrupt/.mtbLaunchConfigs/PSOC_Edge_Interrupt Erase All.launch
Generated C:/Desktop/PSOC_Edge_AI/Demo/01_Basic/PSOC_Edge_Interrupt/.mtbLaunchConfigs/PSOC_Edge_Interrupt Debug MultiCore (KitProg3_MiniProg4).launch
Generated C:/Desktop/PSOC_Edge_AI/Demo/01_Basic/PSOC_Edge_Interrupt/.mtbLaunchConfigs/PSOC_Edge_Interrupt.proj_cm33_s Debug Multicore (KitProg3_MiniProg4).launch
Generated C:/Desktop/PSOC_Edge_AI/Demo/01_Basic/PSOC_Edge_Interrupt/.mtbLaunchConfigs/PSOC_Edge_Interrupt Erase Device.launch
Generated C:/Desktop/PSOC_Edge_AI/Demo/01_Basic/PSOC_Edge_Interrupt/.mtbLaunchConfigs/PSOC_Edge_Interrupt Program Application.launch
Generated .mtbLaunchConfigs/PSOC_Edge_Interrupt.proj_cm33_s Program.launch
Generated .mtbLaunchConfigs/PSOC_Edge_Interrupt.proj_cm33_s Attach (KitProg3_MiniProg4).launch
Generated .mtbLaunchConfigs/PSOC_Edge_Interrupt.proj_cm33_s Debug (KitProg3_MiniProg4).launch
Generated C:/Desktop/PSOC_Edge_AI/Demo/01_Basic/PSOC_Edge_Interrupt/.mtbLaunchConfigs/Advanced KitProg3 Programming.launch
Generated C:/Desktop/PSOC_Edge_AI/Demo/01_Basic/PSOC_Edge_Interrupt/proj_cm33_s/.mtbLaunchConfigs/Advanced KitProg3 Programming.launch

Instructions:
1. Open Eclipse IDE for ModusToolbox
2. Select 'Import Existing Application In-Place' from the QuickPanel
3. Browse to the application root directory

For more information, refer to the Eclipse IDE for ModusToolbox user guide.

make[1]: Leaving directory '/cygdrive/c/Desktop/PSOC_Edge_AI/Demo/01_Basic/PSOC_Edge_Interrupt/proj_cm33_s'
make[1]: Entering directory '/cygdrive/c/Desktop/PSOC_Edge_AI/Demo/01_Basic/PSOC_Edge_Interrupt/proj_cm33_ns'
NOTE: Using 'C:/Users/User/ModusToolbox/tools_3.9/ninja/ninja.exe' from PATH.
Generating mtbninja data files...
Generating mtbninja data complete...
Prebuild operations complete
Toolchain validation: PASS
Initializing build: proj_cm33_ns Debug APP_KIT_PSE84_AI GCC_ARM
# 0: Loading the application in directory 'C:/Desktop/PSOC_Edge_AI/Demo/01_Basic/PSOC_Edge_Interrupt/proj_cm33_ns'
# 0: Loading the ModusToolbox Technology Packs and Early Access Packs
# 0: Loading the tools information
NOTE: Using 'C:/Users/User/ModusToolbox/tools_3.9/ninja/ninja.exe' from PATH.
Generating mtbninja data files...
Generating mtbninja data complete...
Toolchain validation: PASS
Initializing build: proj_cm33_ns Debug APP_KIT_PSE84_AI GCC_ARM
Prebuild operations complete
# 0: Loading the application in directory 'C:/Desktop/PSOC_Edge_AI/Demo/01_Basic/PSOC_Edge_Interrupt/proj_cm33_ns'
# 0: Loading the ModusToolbox Technology Packs and Early Access Packs
# 0: Loading the tools information
Generated C:/Desktop/PSOC_Edge_AI/Demo/01_Basic/PSOC_Edge_Interrupt/proj_cm33_ns/.cproject
Generated C:/Desktop/PSOC_Edge_AI/Demo/01_Basic/PSOC_Edge_Interrupt/proj_cm33_ns/.project
Generated .mtbLaunchConfigs/PSOC_Edge_Interrupt.proj_cm33_ns Program.launch
Generated .mtbLaunchConfigs/PSOC_Edge_Interrupt.proj_cm33_ns Attach (KitProg3_MiniProg4).launch
Generated .mtbLaunchConfigs/PSOC_Edge_Interrupt.proj_cm33_ns Debug (KitProg3_MiniProg4).launch
Generated C:/Desktop/PSOC_Edge_AI/Demo/01_Basic/PSOC_Edge_Interrupt/proj_cm33_ns/.mtbLaunchConfigs/Advanced KitProg3 Programming.launch
Updated C:/Desktop/PSOC_Edge_AI/Demo/01_Basic/PSOC_Edge_Interrupt/.mtbLaunchConfigs/Advanced KitProg3 Programming.launch
Updated C:/Desktop/PSOC_Edge_AI/Demo/01_Basic/PSOC_Edge_Interrupt/.mtbLaunchConfigs/PSOC_Edge_Interrupt Debug MultiCore (KitProg3_MiniProg4).launch
Updated C:/Desktop/PSOC_Edge_AI/Demo/01_Basic/PSOC_Edge_Interrupt/.mtbLaunchConfigs/PSOC_Edge_Interrupt Erase All.launch
Updated C:/Desktop/PSOC_Edge_AI/Demo/01_Basic/PSOC_Edge_Interrupt/.mtbLaunchConfigs/PSOC_Edge_Interrupt Erase Device.launch
Updated C:/Desktop/PSOC_Edge_AI/Demo/01_Basic/PSOC_Edge_Interrupt/.mtbLaunchConfigs/PSOC_Edge_Interrupt Program Application.launch
Updated C:/Desktop/PSOC_Edge_AI/Demo/01_Basic/PSOC_Edge_Interrupt/.mtbLaunchConfigs/PSOC_Edge_Interrupt.proj_cm33_s Debug Multicore (KitProg3_MiniProg4).launch

Instructions:
1. Open Eclipse IDE for ModusToolbox
2. Select 'Import Existing Application In-Place' from the QuickPanel
3. Browse to the application root directory

For more information, refer to the Eclipse IDE for ModusToolbox user guide.

make[1]: Leaving directory '/cygdrive/c/Desktop/PSOC_Edge_AI/Demo/01_Basic/PSOC_Edge_Interrupt/proj_cm33_ns'
make[1]: Entering directory '/cygdrive/c/Desktop/PSOC_Edge_AI/Demo/01_Basic/PSOC_Edge_Interrupt/proj_cm55'
NOTE: Using 'C:/Users/User/ModusToolbox/tools_3.9/ninja/ninja.exe' from PATH.
Generating mtbninja data files...
Generating mtbninja data complete...
Prebuild operations complete
Toolchain validation: PASS
Initializing build: proj_cm55 Debug APP_KIT_PSE84_AI GCC_ARM
# 0: Loading the application in directory 'C:/Desktop/PSOC_Edge_AI/Demo/01_Basic/PSOC_Edge_Interrupt/proj_cm55'
# 0: Loading the ModusToolbox Technology Packs and Early Access Packs
# 0: Loading the tools information
NOTE: Using 'C:/Users/User/ModusToolbox/tools_3.9/ninja/ninja.exe' from PATH.
Generating mtbninja data files...
Generating mtbninja data complete...
Toolchain validation: PASS
Initializing build: proj_cm55 Debug APP_KIT_PSE84_AI GCC_ARM
Prebuild operations complete
# 0: Loading the application in directory 'C:/Desktop/PSOC_Edge_AI/Demo/01_Basic/PSOC_Edge_Interrupt/proj_cm55'
# 0: Loading the ModusToolbox Technology Packs and Early Access Packs
# 0: Loading the tools information
Generated C:/Desktop/PSOC_Edge_AI/Demo/01_Basic/PSOC_Edge_Interrupt/proj_cm55/.cproject
Generated C:/Desktop/PSOC_Edge_AI/Demo/01_Basic/PSOC_Edge_Interrupt/proj_cm55/.project
Generated C:/Desktop/PSOC_Edge_AI/Demo/01_Basic/PSOC_Edge_Interrupt/proj_cm55/.mtbLaunchConfigs/PSOC_Edge_Interrupt.proj_cm55 Program.launch
Generated C:/Desktop/PSOC_Edge_AI/Demo/01_Basic/PSOC_Edge_Interrupt/proj_cm55/.mtbLaunchConfigs/PSOC_Edge_Interrupt.proj_cm55 Attach (KitProg3_MiniProg4).launch
Generated C:/Desktop/PSOC_Edge_AI/Demo/01_Basic/PSOC_Edge_Interrupt/proj_cm55/.mtbLaunchConfigs/PSOC_Edge_Interrupt.proj_cm55 Debug (KitProg3_MiniProg4).launch
Generated .mtbLaunchConfigs/PSOC_Edge_Interrupt.proj_cm55 Add CM55 to CM33 (KitProg3_MiniProg4).launch
Generated C:/Desktop/PSOC_Edge_AI/Demo/01_Basic/PSOC_Edge_Interrupt/proj_cm55/.mtbLaunchConfigs/Advanced KitProg3 Programming.launch
Updated C:/Desktop/PSOC_Edge_AI/Demo/01_Basic/PSOC_Edge_Interrupt/.mtbLaunchConfigs/Advanced KitProg3 Programming.launch
Updated C:/Desktop/PSOC_Edge_AI/Demo/01_Basic/PSOC_Edge_Interrupt/.mtbLaunchConfigs/PSOC_Edge_Interrupt Debug MultiCore (KitProg3_MiniProg4).launch
Updated C:/Desktop/PSOC_Edge_AI/Demo/01_Basic/PSOC_Edge_Interrupt/.mtbLaunchConfigs/PSOC_Edge_Interrupt Erase All.launch
Updated C:/Desktop/PSOC_Edge_AI/Demo/01_Basic/PSOC_Edge_Interrupt/.mtbLaunchConfigs/PSOC_Edge_Interrupt Erase Device.launch
Updated C:/Desktop/PSOC_Edge_AI/Demo/01_Basic/PSOC_Edge_Interrupt/.mtbLaunchConfigs/PSOC_Edge_Interrupt Program Application.launch
Updated C:/Desktop/PSOC_Edge_AI/Demo/01_Basic/PSOC_Edge_Interrupt/.mtbLaunchConfigs/PSOC_Edge_Interrupt.proj_cm33_s Debug Multicore (KitProg3_MiniProg4).launch

Instructions:
1. Open Eclipse IDE for ModusToolbox
2. Select 'Import Existing Application In-Place' from the QuickPanel
3. Browse to the application root directory

For more information, refer to the Eclipse IDE for ModusToolbox user guide.

make[1]: Leaving directory '/cygdrive/c/Desktop/PSOC_Edge_AI/Demo/01_Basic/PSOC_Edge_Interrupt/proj_cm55'
The application "PSOC_Edge_Interrupt" was successfully exported to Eclipse for ModusToolbox™.
0 error(s), 0 warning(s)

Summary:

Successfully created and exported "PSOC_Edge_Interrupt" application.
