2026-10-07 06:30:47.424: [INFO] CurrentProfilePath: C:\Desktop\PSOC_Edge_AI\Demo\01_WiFi_BLE\.metadata\.plugins\org.eclipse.swt\EBWebView\Default
2026-10-07 06:30:47.424: [INFO] Profiles total count: 1
2026-10-07 06:30:47.424: [INFO] Profile: name=Profile 1 path=C:\Desktop\PSOC_Edge_AI\Demo\01_WiFi_BLE\.metadata\.plugins\org.eclipse.swt\EBWebView\Default lastActive=null
2026-10-07 06:30:47.424: [INFO] LastUsedProfileDir: C:\Desktop\PSOC_Edge_AI\Demo\01_WiFi_BLE\.metadata\.plugins\org.eclipse.swt\EBWebView\Default
2026-10-07 06:30:47.424: [INFO] OnDoneLoading sync enabled: 0
2026-10-07 06:30:47.424: [INFO] BookmarkModelLoaded, ids_reassigned: 0
2026-10-07 06:30:47.424: [INFO] BookmarksLoadDropped droppedNodes=0
2026-10-07 06:30:47.424: [INFO] BookmarksSnapshot Startup total=0 bar=0 other=0 mobile=0 showBar=0 showBarNTP=1
2026-10-07 06:44:18.604: [INFO] BookmarksSnapshot Shutdown total=0 bar=0 other=0 mobile=0 showBar=0 showBarNTP=1
2026-10-07 07:13:37.620: [INFO] CurrentProfilePath: C:\Desktop\PSOC_Edge_AI\Demo\01_WiFi_BLE\.metadata\.plugins\org.eclipse.swt\EBWebView\Default
2026-10-07 07:13:37.620: [INFO] Profiles total count: 1
2026-10-07 07:13:37.620: [INFO] Profile: name=Profile 1 path=C:\Desktop\PSOC_Edge_AI\Demo\01_WiFi_BLE\.metadata\.plugins\org.eclipse.swt\EBWebView\Default lastActive=2026-10-07T06:30:48.187Z
2026-10-07 07:13:37.620: [INFO] LastUsedProfileDir: C:\Desktop\PSOC_Edge_AI\Demo\01_WiFi_BLE\.metadata\.plugins\org.eclipse.swt\EBWebView\Default
2026-10-07 07:13:37.620: [INFO] MostRecentlyActiveProfile: name=Profile 1 path=C:\Desktop\PSOC_Edge_AI\Demo\01_WiFi_BLE\.metadata\.plugins\org.eclipse.swt\EBWebView\Default lastActive=2026-10-07T06:30:48.187Z
2026-10-07 07:13:37.620: [INFO] OnDoneLoading sync enabled: 0
2026-10-07 07:13:37.620: [INFO] BookmarkModelLoaded, ids_reassigned: 0
2026-10-07 07:13:37.620: [INFO] BookmarksLoadDropped droppedNodes=0
2026-10-07 07:13:37.620: [INFO] BookmarksSnapshot Startup total=0 bar=0 other=0 mobile=0 showBar=0 showBarNTP=1
2026-10-07 07:23:43.196: [INFO] BookmarksSnapshot Shutdown total=0 bar=0 other=0 mobile=0 showBar=0 showBarNTP=1
2026-10-07 07:23:43.249: [INFO] CurrentProfilePath: C:\Desktop\PSOC_Edge_AI\Demo\01_WiFi_BLE\.metadata\.plugins\org.eclipse.swt\EBWebView\Default
2026-10-07 07:23:43.249: [INFO] Profiles total count: 1
2026-10-07 07:23:43.249: [INFO] Profile: name=Profile 1 path=C:\Desktop\PSOC_Edge_AI\Demo\01_WiFi_BLE\.metadata\.plugins\org.eclipse.swt\EBWebView\Default lastActive=2026-10-07T06:30:48.187Z
2026-10-07 07:23:43.249: [INFO] LastUsedProfileDir: C:\Desktop\PSOC_Edge_AI\Demo\01_WiFi_BLE\.metadata\.plugins\org.eclipse.swt\EBWebView\Default
2026-10-07 07:23:43.249: [INFO] MostRecentlyActiveProfile: name=Profile 1 path=C:\Desktop\PSOC_Edge_AI\Demo\01_WiFi_BLE\.metadata\.plugins\org.eclipse.swt\EBWebView\Default lastActive=2026-10-07T06:30:48.187Z
2026-10-07 07:23:43.249: [INFO] OnDoneLoading sync enabled: 0
2026-10-07 07:23:43.249: [INFO] BookmarkModelLoaded, ids_reassigned: 0
2026-10-07 07:23:43.249: [INFO] BookmarksLoadDropped droppedNodes=0
2026-10-07 07:23:43.249: [INFO] BookmarksSnapshot Startup total=0 bar=0 other=0 mobile=0 showBar=0 showBarNTP=1
2026-10-07 07:26:44.437: [INFO] BookmarksSnapshot Shutdown total=0 bar=0 other=0 mobile=0 showBar=0 showBarNTP=1
2026-10-07 07:26:44.487: [INFO] CurrentProfilePath: C:\Desktop\PSOC_Edge_AI\Demo\01_WiFi_BLE\.metadata\.plugins\org.eclipse.swt\EBWebView\Default
2026-10-07 07:26:44.487: [INFO] Profiles total count: 1
2026-10-07 07:26:44.487: [INFO] Profile: name=Profile 1 path=C:\Desktop\PSOC_Edge_AI\Demo\01_WiFi_BLE\.metadata\.plugins\org.eclipse.swt\EBWebView\Default lastActive=2026-10-07T06:30:48.187Z
2026-10-07 07:26:44.487: [INFO] LastUsedProfileDir: C:\Desktop\PSOC_Edge_AI\Demo\01_WiFi_BLE\.metadata\.plugins\org.eclipse.swt\EBWebView\Default
2026-10-07 07:26:44.487: [INFO] MostRecentlyActiveProfile: name=Profile 1 path=C:\Desktop\PSOC_Edge_AI\Demo\01_WiFi_BLE\.metadata\.plugins\org.eclipse.swt\EBWebView\Default lastActive=2026-10-07T06:30:48.187Z
2026-10-07 07:26:44.487: [INFO] OnDoneLoading sync enabled: 0
2026-10-07 07:26:44.487: [INFO] BookmarkModelLoaded, ids_reassigned: 0
2026-10-07 07:26:44.487: [INFO] BookmarksLoadDropped droppedNodes=0
2026-10-07 07:26:44.487: [INFO] BookmarksSnapshot Startup total=0 bar=0 other=0 mobile=0 showBar=0 showBarNTP=1
2026-10-07 07:27:13.912: [INFO] BookmarksSnapshot Shutdown total=0 bar=0 other=0 mobile=0 showBar=0 showBarNTP=1
2026-10-07 07:27:13.963: [INFO] CurrentProfilePath: C:\Desktop\PSOC_Edge_AI\Demo\01_WiFi_BLE\.metadata\.plugins\org.eclipse.swt\EBWebView\Default
2026-10-07 07:27:13.963: [INFO] Profiles total count: 1
2026-10-07 07:27:13.963: [INFO] Profile: name=Profile 1 path=C:\Desktop\PSOC_Edge_AI\Demo\01_WiFi_BLE\.metadata\.plugins\org.eclipse.swt\EBWebView\Default lastActive=2026-10-07T06:30:48.187Z
2026-10-07 07:27:13.963: [INFO] LastUsedProfileDir: C:\Desktop\PSOC_Edge_AI\Demo\01_WiFi_BLE\.metadata\.plugins\org.eclipse.swt\EBWebView\Default
2026-10-07 07:27:13.963: [INFO] MostRecentlyActiveProfile: name=Profile 1 path=C:\Desktop\PSOC_Edge_AI\Demo\01_WiFi_BLE\.metadata\.plugins\org.eclipse.swt\EBWebView\Default lastActive=2026-10-07T06:30:48.187Z
2026-10-07 07:27:13.963: [INFO] OnDoneLoading sync enabled: 0
2026-10-07 07:27:13.963: [INFO] BookmarkModelLoaded, ids_reassigned: 0
2026-10-07 07:27:13.963: [INFO] BookmarksLoadDropped droppedNodes=0
2026-10-07 07:27:13.963: [INFO] BookmarksSnapshot Startup total=0 bar=0 other=0 mobile=0 showBar=0 showBarNTP=1
2026-10-07 14:08:22.153: [INFO] BookmarksSnapshot Shutdown total=0 bar=0 other=0 mobile=0 showBar=0 showBarNTP=1
